
U-Boot SPL 2022.04 (Jul 18 2024 - 13:53:05 +0800)
DDRINFO: start DRAM init
DDRINFO: DRAM rate 4000MTS
DDRINFO:ddrphy calibration done
DDRINFO: ddrmix config done
SEC0:  RNG instantiated
Normal Boot
Trying to boot from BOOTROM
Boot Stage: Primary boot
image offset 0x0, pagesize 0x200, ivt offset 0x0
NOTICE:  BL31: v2.2(release):rel_imx_5.4.70_2.3.6-0-g15e8ff164
NOTICE:  BL31: Built : 13:25:55, Jul 18 2024


U-Boot 2022.04 (Jul 18 2024 - 13:53:05 +0800)

CPU:   i.MX8MP Lite[4] rev1.1 1600 MHz (running at 1200 MHz)
CPU:   Industrial temperature grade (-40C to 105C) at 41C
Reset cause: POR
Model: NXP i.MX8MPlus LPDDR4 EVK board
DRAM:  6 GiB
Core:  92 devices, 29 uclasses, devicetree: separate
MMC:   FSL_SDHC: 1, FSL_SDHC: 2
Loading Environment from MMC... *** Warning - bad CRC, using default environment

[*]-Video Link 0adv7535_mipi2hdmi adv7535@3d: Can't find cec device id=0x3c
fail to probe panel device adv7535@3d
fail to get display timings
probe video device failed, ret -19

        [0] lcd-controller@32e80000, video
        [1] mipi_dsi@32e60000, video_bridge
        [2] adv7535@3d, panel
adv7535_mipi2hdmi adv7535@3d: Can't find cec device id=0x3c
fail to probe panel device adv7535@3d
fail to get display timings
probe video device failed, ret -19
In:    serial
Out:   serial
Err:   serial
SEC0:  RNG instantiated

 BuildInfo:
  - ATF 15e8ff1

switch to partitions #0, OK
mmc2(part 0) is current device
flash target is MMC:2
Net:
Warning: ethernet@30bf0000 (eth1) using random MAC address - 16:9b:ea:98:29:b1

Warning: ethernet@30be0000 (eth0) using random MAC address - 72:e5:82:e2:3d:d4
eth0: ethernet@30be0000, eth1: ethernet@30bf0000 [PRIME]
Fastboot: Normal
Normal Boot
Hit any key to stop autoboot:  0
starting USB...
Bus usb@38100000: Register 2000140 NbrPorts 2
Starting the controller
USB XHCI 1.10
Bus usb@38200000: Register 2000140 NbrPorts 2
Starting the controller
USB XHCI 1.10
scanning bus usb@38100000 for devices... 1 USB Device(s) found
scanning bus usb@38200000 for devices... 1 USB Device(s) found
       scanning usb for storage devices... 0 Storage Device(s) found

Device 0: unknown device
MMC: no card present
switch to partitions #0, OK
mmc2(part 0) is current device
Scanning mmc 2:1...
62957 bytes read in 1 ms (60 MiB/s)
MMC: no card present
Scanning disk mmc@30b50000.blk...
Disk mmc@30b50000.blk not ready
Scanning disk mmc@30b60000.blk...
Found 3 disks
optee optee: OP-TEE api uid mismatch
Unable to open OP-TEE session (err=-19)
mm_communicate failed!
Error: Cannot initialize UEFI sub-system, r = 3
Running BSP bootcmd ...
switch to partitions #0, OK
mmc2(part 0) is current device
Failed to load 'boot.scr'
30118400 bytes read in 92 ms (312.2 MiB/s)
Booting from mmc ...
62957 bytes read in 1 ms (60 MiB/s)
## Flattened Device Tree blob at 43000000
   Booting using the fdt blob at 0x43000000
clk usb_phy_root_clk already disabled
clk usb_phy_root_clk already disabled
   Using Device Tree in place at 0000000043000000, end 00000000430125ec
Modify /vpu_g1@38300000:status disabled
Modify /vpu_g2@38310000:status disabled
Modify /vpu_vc8000e@38320000:status disabled
Modify /vipsi@38500000:status disabled
Modify /soc@0/bus@32c00000/camera/isp@32e10000:status disabled
Modify /soc@0/bus@32c00000/camera/isp@32e20000:status disabled
Modify /dsp@3b6e8000:status disabled
adv7535_mipi2hdmi adv7535@3d: Can't find cec device id=0x3c
fail to probe panel device adv7535@3d
fail to get display timings
probe video device failed, ret -19

Starting kernel ...

[    0.000000] Booting Linux on physical CPU 0x0000000000 [0x410fd034]
[    0.000000] Linux version 5.10.72-lts-5.10.y+ga68e31b63f86 (oe-user@oe-host) (aarch64-poky-linux-gcc (GCC) 10.2.0, GNU ld (GNU Binutils) 2.36.1.20210209) #1 SMP PREEMPT Tue Nov 23 06:02:20 UTC 2021
[    0.000000] Machine model: NXP i.MX8MPlus EVK board
[    0.000000] efi: UEFI not found.
[    0.000000] Reserved memory: created CMA memory pool at 0x00000000c4000000, size 960 MiB
[    0.000000] OF: reserved mem: initialized node linux,cma, compatible id shared-dma-pool
[    0.000000] Reserved memory: created DMA memory pool at 0x0000000094300000, size 1 MiB
[    0.000000] OF: reserved mem: initialized node vdev0buffer@94300000, compatible id shared-dma-pool
[    0.000000] NUMA: No NUMA configuration found
[    0.000000] NUMA: Faking a node at [mem 0x0000000040000000-0x00000001bfffffff]
[    0.000000] NUMA: NODE_DATA [mem 0x1bf440700-0x1bf442fff]
[    0.000000] Zone ranges:
[    0.000000]   DMA      [mem 0x0000000040000000-0x00000000ffffffff]
[    0.000000]   DMA32    empty
[    0.000000]   Normal   [mem 0x0000000100000000-0x00000001bfffffff]
[    0.000000] Movable zone start for each node
[    0.000000] Early memory node ranges
[    0.000000]   node   0: [mem 0x0000000040000000-0x00000000923fffff]
[    0.000000]   node   0: [mem 0x0000000092400000-0x00000000a43fffff]
[    0.000000]   node   0: [mem 0x00000000a4400000-0x00000001bfffffff]
[    0.000000] Initmem setup node 0 [mem 0x0000000040000000-0x00000001bfffffff]
[    0.000000] psci: probing for conduit method from DT.
[    0.000000] psci: PSCIv1.1 detected in firmware.
[    0.000000] psci: Using standard PSCI v0.2 function IDs
[    0.000000] psci: MIGRATE_INFO_TYPE not supported.
[    0.000000] psci: SMC Calling Convention v1.1
[    0.000000] percpu: Embedded 23 pages/cpu s56280 r8192 d29736 u94208
[    0.000000] Detected VIPT I-cache on CPU0
[    0.000000] CPU features: detected: ARM erratum 845719
[    0.000000] CPU features: detected: GIC system register CPU interface
[    0.000000] Built 1 zonelists, mobility grouping on.  Total pages: 1548288
[    0.000000] Policy zone: Normal
[    0.000000] Kernel command line: console=ttymxc1,115200 root=/dev/mmcblk2p2 rootwait rw
[    0.000000] Dentry cache hash table entries: 1048576 (order: 11, 8388608 bytes, linear)
[    0.000000] Inode-cache hash table entries: 524288 (order: 10, 4194304 bytes, linear)
[    0.000000] mem auto-init: stack:off, heap alloc:off, heap free:off
[    0.000000] software IO TLB: mapped [mem 0x00000000c0000000-0x00000000c4000000] (64MB)
[    0.000000] Memory: 4794508K/6291456K available (17920K kernel code, 1508K rwdata, 6928K rodata, 2944K init, 552K bss, 513908K reserved, 983040K cma-reserved)
[    0.000000] SLUB: HWalign=64, Order=0-3, MinObjects=0, CPUs=4, Nodes=1
[    0.000000] rcu: Preemptible hierarchical RCU implementation.
[    0.000000] rcu:     RCU event tracing is enabled.
[    0.000000] rcu:     RCU restricting CPUs from NR_CPUS=256 to nr_cpu_ids=4.
[    0.000000]  Trampoline variant of Tasks RCU enabled.
[    0.000000] rcu: RCU calculated value of scheduler-enlistment delay is 25 jiffies.
[    0.000000] rcu: Adjusting geometry for rcu_fanout_leaf=16, nr_cpu_ids=4
[    0.000000] NR_IRQS: 64, nr_irqs: 64, preallocated irqs: 0
[    0.000000] GICv3: GIC: Using split EOI/Deactivate mode
[    0.000000] GICv3: 160 SPIs implemented
[    0.000000] GICv3: 0 Extended SPIs implemented
[    0.000000] GICv3: Distributor has no Range Selector support
[    0.000000] GICv3: 16 PPIs implemented
[    0.000000] GICv3: CPU0: found redistributor 0 region 0:0x0000000038880000
[    0.000000] ITS: No ITS available, not enabling LPIs
[    0.000000] random: get_random_bytes called from start_kernel+0x320/0x4e4 with crng_init=0
[    0.000000] arch_timer: cp15 timer(s) running at 8.00MHz (phys).
[    0.000000] clocksource: arch_sys_counter: mask: 0xffffffffffffff max_cycles: 0x1d854df40, max_idle_ns: 440795202120 ns
[    0.000003] sched_clock: 56 bits at 8MHz, resolution 125ns, wraps every 2199023255500ns
[    0.000442] Console: colour dummy device 80x25
[    0.000508] Calibrating delay loop (skipped), value calculated using timer frequency.. 16.00 BogoMIPS (lpj=32000)
[    0.000521] pid_max: default: 32768 minimum: 301
[    0.000599] LSM: Security Framework initializing
[    0.000667] Mount-cache hash table entries: 16384 (order: 5, 131072 bytes, linear)
[    0.000693] Mountpoint-cache hash table entries: 16384 (order: 5, 131072 bytes, linear)
[    0.001893] rcu: Hierarchical SRCU implementation.
[    0.003176] EFI services will not be available.
[    0.003353] smp: Bringing up secondary CPUs ...
[    0.003708] Detected VIPT I-cache on CPU1
[    0.003732] GICv3: CPU1: found redistributor 1 region 0:0x00000000388a0000
[    0.003769] CPU1: Booted secondary processor 0x0000000001 [0x410fd034]
[    0.004219] Detected VIPT I-cache on CPU2
[    0.004237] GICv3: CPU2: found redistributor 2 region 0:0x00000000388c0000
[    0.004256] CPU2: Booted secondary processor 0x0000000002 [0x410fd034]
[    0.004647] Detected VIPT I-cache on CPU3
[    0.004661] GICv3: CPU3: found redistributor 3 region 0:0x00000000388e0000
[    0.004680] CPU3: Booted secondary processor 0x0000000003 [0x410fd034]
[    0.004740] smp: Brought up 1 node, 4 CPUs
[    0.004759] SMP: Total of 4 processors activated.
[    0.004768] CPU features: detected: 32-bit EL0 Support
[    0.004776] CPU features: detected: CRC32 instructions
[    0.004784] CPU features: detected: 32-bit EL1 Support
[    0.013119] CPU: All CPU(s) started at EL2
[    0.013142] alternatives: patching kernel code
[    0.014998] devtmpfs: initialized
[    0.023501] KASLR disabled due to lack of seed
[    0.023647] clocksource: jiffies: mask: 0xffffffff max_cycles: 0xffffffff, max_idle_ns: 7645041785100000 ns
[    0.023662] futex hash table entries: 1024 (order: 4, 65536 bytes, linear)
[    0.050051] pinctrl core: initialized pinctrl subsystem
[    0.050548] DMI not present or invalid.
[    0.050921] NET: Registered protocol family 16
[    0.058236] DMA: preallocated 1024 KiB GFP_KERNEL pool for atomic allocations
[    0.059422] DMA: preallocated 1024 KiB GFP_KERNEL|GFP_DMA pool for atomic allocations
[    0.060864] DMA: preallocated 1024 KiB GFP_KERNEL|GFP_DMA32 pool for atomic allocations
[    0.060919] audit: initializing netlink subsys (disabled)
[    0.061097] audit: type=2000 audit(0.060:1): state=initialized audit_enabled=0 res=1
[    0.061680] thermal_sys: Registered thermal governor 'step_wise'
[    0.061684] thermal_sys: Registered thermal governor 'power_allocator'
[    0.062055] cpuidle: using governor menu
[    0.062291] hw-breakpoint: found 6 breakpoint and 4 watchpoint registers.
[    0.062360] ASID allocator initialised with 65536 entries
[    0.063649] Serial: AMBA PL011 UART driver
[    0.063714] imx mu driver is registered.
[    0.063738] imx rpmsg driver is registered.
[    0.105473] imx8mp-pinctrl 30330000.pinctrl: initialized IMX pinctrl driver
[    0.124380] HugeTLB registered 1.00 GiB page size, pre-allocated 0 pages
[    0.124393] HugeTLB registered 32.0 MiB page size, pre-allocated 0 pages
[    0.124402] HugeTLB registered 2.00 MiB page size, pre-allocated 0 pages
[    0.124409] HugeTLB registered 64.0 KiB page size, pre-allocated 0 pages
[    0.125303] cryptd: max_cpu_qlen set to 1000
[    0.128473] ACPI: Interpreter disabled.
[    0.129612] iommu: Default domain type: Translated
[    0.129752] vgaarb: loaded
[    0.130038] SCSI subsystem initialized
[    0.130386] usbcore: registered new interface driver usbfs
[    0.130421] usbcore: registered new interface driver hub
[    0.130451] usbcore: registered new device driver usb
[    0.131888] mc: Linux media interface: v0.10
[    0.131914] videodev: Linux video capture interface: v2.00
[    0.131985] pps_core: LinuxPPS API ver. 1 registered
[    0.131993] pps_core: Software ver. 5.3.6 - Copyright 2005-2007 Rodolfo Giometti <giometti@linux.it>
[    0.132012] PTP clock support registered
[    0.132188] EDAC MC: Ver: 3.0.0
[    0.133499] FPGA manager framework
[    0.133584] Advanced Linux Sound Architecture Driver Initialized.
[    0.134239] Bluetooth: Core ver 2.22
[    0.134264] NET: Registered protocol family 31
[    0.134272] Bluetooth: HCI device and connection manager initialized
[    0.134284] Bluetooth: HCI socket layer initialized
[    0.134294] Bluetooth: L2CAP socket layer initialized
[    0.134309] Bluetooth: SCO socket layer initialized
[    0.135164] clocksource: Switched to clocksource arch_sys_counter
[    0.135326] VFS: Disk quotas dquot_6.6.0
[    0.135370] VFS: Dquot-cache hash table entries: 512 (order 0, 4096 bytes)
[    0.135531] pnp: PnP ACPI: disabled
[    0.141639] NET: Registered protocol family 2
[    0.141857] IP idents hash table entries: 131072 (order: 8, 1048576 bytes, linear)
[    0.144588] tcp_listen_portaddr_hash hash table entries: 4096 (order: 4, 65536 bytes, linear)
[    0.144671] TCP established hash table entries: 65536 (order: 7, 524288 bytes, linear)
[    0.145079] TCP bind hash table entries: 65536 (order: 8, 1048576 bytes, linear)
[    0.145990] TCP: Hash tables configured (established 65536 bind 65536)
[    0.146119] UDP hash table entries: 4096 (order: 5, 131072 bytes, linear)
[    0.146267] UDP-Lite hash table entries: 4096 (order: 5, 131072 bytes, linear)
[    0.146528] NET: Registered protocol family 1
[    0.146898] RPC: Registered named UNIX socket transport module.
[    0.146904] RPC: Registered udp transport module.
[    0.146909] RPC: Registered tcp transport module.
[    0.146915] RPC: Registered tcp NFSv4.1 backchannel transport module.
[    0.147637] PCI: CLS 0 bytes, default 64
[    0.148337] hw perfevents: enabled with armv8_pmuv3 PMU driver, 7 counters available
[    0.149152] kvm [1]: IPA Size Limit: 40 bits
[    0.150700] kvm [1]: GICv3: no GICV resource entry
[    0.150706] kvm [1]: disabling GICv2 emulation
[    0.150725] kvm [1]: GIC system register CPU interface enabled
[    0.150789] kvm [1]: vgic interrupt IRQ9
[    0.150894] kvm [1]: Hyp mode initialized successfully
[    0.153763] Initialise system trusted keyrings
[    0.153867] workingset: timestamp_bits=42 max_order=21 bucket_order=0
[    0.159702] squashfs: version 4.0 (2009/01/31) Phillip Lougher
[    0.160275] NFS: Registering the id_resolver key type
[    0.160298] Key type id_resolver registered
[    0.160304] Key type id_legacy registered
[    0.160385] nfs4filelayout_init: NFSv4 File Layout Driver Registering...
[    0.160392] nfs4flexfilelayout_init: NFSv4 Flexfile Layout Driver Registering...
[    0.160414] jffs2: version 2.2. (NAND) © 2001-2006 Red Hat, Inc.
[    0.160757] 9p: Installing v9fs 9p2000 file system support
[    0.197649] Key type asymmetric registered
[    0.197657] Asymmetric key parser 'x509' registered
[    0.197688] Block layer SCSI generic (bsg) driver version 0.4 loaded (major 241)
[    0.197696] io scheduler mq-deadline registered
[    0.197701] io scheduler kyber registered
[    0.200504] samsung-hdmi-phy 32fdff00.hdmiphy: failed to get phy apb clk: -517
[    0.200667] imx8-pcie-phy 32f00000.pcie-phy: failed to get imx pcie phy clock
[    0.205252] pwm-backlight lvds_backlight: supply power not found, using dummy regulator
[    0.205963] EINJ: ACPI disabled.
[    0.217086] imx-sdma 30bd0000.dma-controller: Direct firmware load for imx/sdma/sdma-imx7d.bin failed with error -2
[    0.217101] imx-sdma 30bd0000.dma-controller: Falling back to sysfs fallback for: imx/sdma/sdma-imx7d.bin
[    0.219153] mxs-dma 33000000.dma-apbh: initialized
[    0.221691] Bus freq driver module loaded
[    0.227877] Serial: 8250/16550 driver, 4 ports, IRQ sharing enabled
[    0.230318] 30860000.serial: ttymxc0 at MMIO 0x30860000 (irq = 35, base_baud = 5000000) is a IMX
[    0.231053] 30880000.serial: ttymxc2 at MMIO 0x30880000 (irq = 36, base_baud = 5000000) is a IMX
[    0.231639] 30890000.serial: ttymxc1 at MMIO 0x30890000 (irq = 37, base_baud = 1500000) is a IMX
[    1.292020] printk: console [ttymxc1] enabled
[    1.299350] imx-lcdifv3 32e80000.lcd-controller: No pix clock get: -517
[    1.306728] imx-lcdifv3 32e90000.lcd-controller: No pix clock get: -517
[    1.313654] imx-lcdifv3 32fc6000.lcd-controller: No irq get, ret=-517
[    1.325064] imx-hdmi-pavi 32fc4000.hdmi-pai-pvi: No pvi clock get
[    1.342557] loop: module loaded
[    1.346930] megasas: 07.714.04.00-rc1
[    1.352332] imx ahci driver is registered.
[    1.360931] spi-nor spi0.0: unrecognized JEDEC id bytes: 00 00 00 00 00 00
[    1.367851] spi-nor: probe of spi0.0 failed with error -2
[    1.374988] libphy: Fixed MDIO Bus: probed
[    1.380526] tun: Universal TUN/TAP device driver, 1.6
[    1.386467] thunder_xcv, ver 1.0
[    1.389739] thunder_bgx, ver 1.0
[    1.393000] nicpf, ver 1.0
[    1.396689] pps pps0: new PPS source ptp0
[    1.406717] libphy: fec_enet_mii_bus: probed
[    1.412214] fec 30be0000.ethernet eth0: registered PHC device 0
[    1.420902] hclge is initializing
[    1.424248] hns3: Hisilicon Ethernet Network Driver for Hip08 Family - version
[    1.431476] hns3: Copyright (c) 2017 Huawei Corporation.
[    1.436859] e1000: Intel(R) PRO/1000 Network Driver
[    1.441751] e1000: Copyright (c) 1999-2006 Intel Corporation.
[    1.447550] e1000e: Intel(R) PRO/1000 Network Driver
[    1.452523] e1000e: Copyright(c) 1999 - 2015 Intel Corporation.
[    1.458485] igb: Intel(R) Gigabit Ethernet Network Driver
[    1.463892] igb: Copyright (c) 2007-2014 Intel Corporation.
[    1.469499] igbvf: Intel(R) Gigabit Virtual Function Network Driver
[    1.475772] igbvf: Copyright (c) 2009 - 2012 Intel Corporation.
[    1.481908] sky2: driver version 1.30
[    1.486400] imx-dwmac 30bf0000.ethernet: IRQ eth_lpi not found
[    1.492339] imx-dwmac 30bf0000.ethernet: no reset control found
[    1.498425] imx-dwmac 30bf0000.ethernet: User ID: 0x10, Synopsys ID: 0x51
[    1.505231] imx-dwmac 30bf0000.ethernet:     DWMAC4/5
[    1.510032] imx-dwmac 30bf0000.ethernet: DMA HW capability register supported
[    1.517178] imx-dwmac 30bf0000.ethernet: RX Checksum Offload Engine supported
[    1.524319] imx-dwmac 30bf0000.ethernet: TX Checksum insertion supported
[    1.531027] imx-dwmac 30bf0000.ethernet: Wake-Up On Lan supported
[    1.537175] imx-dwmac 30bf0000.ethernet: Enable RX Mitigation via HW Watchdog Timer
[    1.544869] imx-dwmac 30bf0000.ethernet: Enabled Flow TC (entries=8)
[    1.551240] imx-dwmac 30bf0000.ethernet: Enabling HW TC (entries=256, max_off=256)
[    1.558824] imx-dwmac 30bf0000.ethernet: Using 34 bits DMA width
[    1.565277] libphy: stmmac: probed
[    1.568934] mdio_bus stmmac-1: MDIO device at address 1 is missing.
[    1.576360] usbcore: registered new interface driver r8152
[    1.581893] usbcore: registered new interface driver asix
[    1.587352] usbcore: registered new interface driver ax88179_178a
[    1.593488] usbcore: registered new interface driver cdc_ether
[    1.599358] usbcore: registered new interface driver net1080
[    1.605053] usbcore: registered new interface driver cdc_subset
[    1.611012] usbcore: registered new interface driver zaurus
[    1.616644] usbcore: registered new interface driver cdc_ncm
[    1.622544] VFIO - User Level meta-driver version: 0.3
[    1.634646] ehci_hcd: USB 2.0 'Enhanced' Host Controller (EHCI) Driver
[    1.641208] ehci-pci: EHCI PCI platform driver
[    1.645692] ehci-platform: EHCI generic platform driver
[    1.651197] ohci_hcd: USB 1.1 'Open' Host Controller (OHCI) Driver
[    1.657404] ohci-pci: OHCI PCI platform driver
[    1.661892] ohci-platform: OHCI generic platform driver
[    1.668147] usbcore: registered new interface driver uas
[    1.673518] usbcore: registered new interface driver usb-storage
[    1.679598] usbcore: registered new interface driver usbserial_generic
[    1.686154] usbserial: USB Serial support registered for generic
[    1.692194] usbcore: registered new interface driver ftdi_sio
[    1.697961] usbserial: USB Serial support registered for FTDI USB Serial Device
[    1.705311] usbcore: registered new interface driver usb_serial_simple
[    1.711862] usbserial: USB Serial support registered for carelink
[    1.717981] usbserial: USB Serial support registered for zio
[    1.723660] usbserial: USB Serial support registered for funsoft
[    1.729694] usbserial: USB Serial support registered for flashloader
[    1.736071] usbserial: USB Serial support registered for google
[    1.742017] usbserial: USB Serial support registered for libtransistor
[    1.748565] usbserial: USB Serial support registered for vivopay
[    1.754593] usbserial: USB Serial support registered for moto_modem
[    1.760883] usbserial: USB Serial support registered for motorola_tetra
[    1.767519] usbserial: USB Serial support registered for novatel_gps
[    1.773896] usbserial: USB Serial support registered for hp4x
[    1.779663] usbserial: USB Serial support registered for suunto
[    1.785613] usbserial: USB Serial support registered for siemens_mpi
[    1.792003] usbcore: registered new interface driver usb_ehset_test
[    1.801469] input: 30370000.snvs:snvs-powerkey as /devices/platform/soc@0/30000000.bus/30370000.snvs/30370000.snvs:snvs-powerkey/input/input0
[    1.816481] snvs_rtc 30370000.snvs:snvs-rtc-lp: registered as rtc0
[    1.822704] snvs_rtc 30370000.snvs:snvs-rtc-lp: setting system clock to 1970-01-01T00:16:08 UTC (968)
[    1.832160] i2c /dev entries driver
[    1.840251] Bluetooth: HCI UART driver ver 2.3
[    1.844720] Bluetooth: HCI UART protocol H4 registered
[    1.849866] Bluetooth: HCI UART protocol BCSP registered
[    1.855205] Bluetooth: HCI UART protocol LL registered
[    1.860352] Bluetooth: HCI UART protocol ATH3K registered
[    1.865788] Bluetooth: HCI UART protocol Three-wire (H5) registered
[    1.872159] Bluetooth: HCI UART protocol Broadcom registered
[    1.877844] Bluetooth: HCI UART protocol QCA registered
[    1.883319] EDAC MC: ECC not enabled
[    1.888286] sdhci: Secure Digital Host Controller Interface driver
[    1.894483] sdhci: Copyright(c) Pierre Ossman
[    1.899276] Synopsys Designware Multimedia Card Interface Driver
[    1.906032] sdhci-pltfm: SDHCI platform and OF driver helper
[    1.912888] sdhci-esdhc-imx 30b50000.mmc: voltage-ranges unspecified
[    1.913200] sdhci-esdhc-imx 30b60000.mmc: voltage-ranges unspecified
[    1.925673] ledtrig-cpu: registered to indicate activity on CPUs
[    1.933092] usbcore: registered new interface driver usbhid
[    1.938684] usbhid: USB HID core driver
[    1.943020] mxc-mipi-csi2-sam 32e40000.csi: supply mipi-phy not found, using dummy regulator
[    1.957433] mmc2: SDHCI controller on 30b60000.mmc [30b60000.mmc] using ADMA
[    1.957943] optee: probing for conduit method.
[    1.968963] optee: api uid mismatch
[    1.972468] optee: probe of firmware:optee failed with error -22
[    1.981561] Galcore version 6.4.3.p2.336687
[    2.049093] mmc2: new HS400 Enhanced strobe MMC card at address 0001
[    2.056934] mmcblk2: mmc2:0001 AJTD4R 14.6 GiB
[    2.061694] mmcblk2boot0: mmc2:0001 AJTD4R partition 1 4.00 MiB
[    2.067833] mmcblk2boot1: mmc2:0001 AJTD4R partition 2 4.00 MiB
[    2.074562] mmcblk2rpmb: mmc2:0001 AJTD4R partition 3 4.00 MiB, chardev (511:0)
[    2.085390]  mmcblk2: p1 p2
[    2.105796] [drm] Initialized vivante 1.0.0 20170808 for 40000000.mix_gpu_ml on minor 0
[    2.123545] fsl-sai 30c20000.sai: failed to get bus clock: -517
[    2.131562] fsl-sai 30c30000.sai: failed to get bus clock: -517
[    2.140910] fsl-micfil-dai 30ca0000.micfil: failed to get core clock: -517
[    2.148618] fsl-easrc 30c90000.easrc: failed to get mem clock
[    2.154860] fsl,imx8mp-audio-xcvr 30cc0000.xcvr: failed to get ipg clock
[    2.162243] fsl-aud2htx 30cb0000.aud2htx: failed to get mem clock
[    2.169564] imx-xcvr sound-xcvr: snd_soc_register_card failed: -517
[    2.176877] imx-micfil sound-micfil: snd_soc_register_card failed (-517)
[    2.184244] imx-cdnhdmi sound-hdmi: snd_soc_register_card failed (-517)
[    2.190988] NET: Registered protocol family 26
[    2.195901] NET: Registered protocol family 10
[    2.201662] Segment Routing with IPv6
[    2.205392] NET: Registered protocol family 17
[    2.210851] Bluetooth: RFCOMM TTY layer initialized
[    2.215746] Bluetooth: RFCOMM socket layer initialized
[    2.220912] Bluetooth: RFCOMM ver 1.11
[    2.224698] Bluetooth: BNEP (Ethernet Emulation) ver 1.3
[    2.230024] Bluetooth: BNEP filters: protocol multicast
[    2.235272] Bluetooth: BNEP socket layer initialized
[    2.240244] Bluetooth: HIDP (Human Interface Emulation) ver 1.2
[    2.246172] Bluetooth: HIDP socket layer initialized
[    2.251182] 8021q: 802.1Q VLAN Support v1.8
[    2.255410] lib80211: common routines for IEEE802.11 drivers
[    2.261181] 9pnet: Installing 9P2000 support
[    2.265488] tsn generic netlink module v1 init...
[    2.270270] Key type dns_resolver registered
[    2.275402] registered taskstats version 1
[    2.279513] Loading compiled-in X.509 certificates
[    2.330859] nxp-pca9450 0-0025: pca9450bc probed.
[    2.335748] i2c i2c-0: IMX I2C adapter registered
[    2.342020] adv7511 1-003d: supply avdd not found, using dummy regulator
[    2.348845] adv7511 1-003d: supply dvdd not found, using dummy regulator
[    2.355591] adv7511 1-003d: supply pvdd not found, using dummy regulator
[    2.362331] adv7511 1-003d: supply a2vdd not found, using dummy regulator
[    2.369177] adv7511 1-003d: supply v3p3 not found, using dummy regulator
[    2.375923] adv7511 1-003d: supply v1p2 not found, using dummy regulator
[    2.384412] adv7511 1-003d: Probe failed. Remote port 'mipi_dsi@32e60000' disabled
[    2.446218] it6263 1-004c: Probe failed. Remote port 'lvds-channel@0' disabled
[    2.454204] ov5640 1-003c: supply DOVDD not found, using dummy regulator
[    2.461010] ov5640 1-003c: supply AVDD not found, using dummy regulator
[    2.467666] ov5640 1-003c: supply DVDD not found, using dummy regulator
[    2.521674] ov5640 1-003c: ov5640_read_reg: error: reg=300a
[    2.527259] ov5640 1-003c: ov5640_check_chip_id: failed to read chip identifier
[    2.536068] i2c i2c-1: IMX I2C adapter registered
[    2.542053] pca953x 2-0020: using no AI
[    2.546231] pca953x 2-0020: failed writing register
[    2.551674] i2c i2c-2: IMX I2C adapter registered
[    2.558183] imx8mq-usb-phy 381f0040.usb-phy: supply vbus not found, using dummy regulator
[    2.566816] imx8mq-usb-phy 382f0040.usb-phy: supply vbus not found, using dummy regulator
[    2.575303] samsung-hdmi-phy 32fdff00.hdmiphy: failed to get phy apb clk: -517
[    2.585490] pwm-backlight lvds_backlight: supply power not found, using dummy regulator
[    2.586179] imx6q-pcie 33800000.pcie: supply epdev_on not found, using dummy regulator
[    2.601819] imx6q-pcie 33800000.pcie: EXT REF_CLK is used!.
[    2.609020] imx6q-pcie 33800000.pcie: PCIe PHY PLL clock is not locked.
[    2.615123] SoC: i.MX8MP revision 1.1
[    2.619675] imx-cpufreq-dt imx-cpufreq-dt: cpu speed grade 7 mkt segment 2 supported-hw 0x80 0x4
[    2.632135] imx-lcdifv3 32fc6000.lcd-controller: No irq get, ret=-517
[    2.642733] OF: graph: no port node found in /soc@0/usb-phy@381f0040
[    2.650396] xhci-hcd xhci-hcd.1.auto: xHCI Host Controller
[    2.655951] xhci-hcd xhci-hcd.1.auto: new USB bus registered, assigned bus number 1
[    2.663971] xhci-hcd xhci-hcd.1.auto: hcc params 0x0220fe6c hci version 0x110 quirks 0x0000002021810010
[    2.673412] xhci-hcd xhci-hcd.1.auto: irq 83, io mem 0x38200000
[    2.679469] xhci-hcd xhci-hcd.1.auto: xHCI Host Controller
[    2.684972] xhci-hcd xhci-hcd.1.auto: new USB bus registered, assigned bus number 2
[    2.692653] xhci-hcd xhci-hcd.1.auto: Host supports USB 3.0 SuperSpeed
[    2.711530] hub 1-0:1.0: USB hub found
[    2.715329] hub 1-0:1.0: 1 port detected
[    2.719537] usb usb2: We don't know the algorithms for LPM for this host, disabling LPM.
[    2.728047] hub 2-0:1.0: USB hub found
[    2.731823] hub 2-0:1.0: 1 port detected
[    2.739086] mxc-mipi-csi2-sam 32e40000.csi: supply mipi-phy not found, using dummy regulator
TODO


U-Boot SPL 2022.04 (Jul 18 2024 - 13:53:05 +0800)
DDRINFO: start DRAM init
DDRINFO: DRAM rate 4000MTS
DDRINFO:ddrphy calibration done
DDRINFO: ddrmix config done
SEC0:  RNG instantiated
Normal Boot
Trying to boot from BOOTROM
Boot Stage: Primary boot
image offset 0x0, pagesize 0x200, ivt offset 0x0
NOTICE:  BL31: v2.2(release):rel_imx_5.4.70_2.3.6-0-g15e8ff164
NOTICE:  BL31: Built : 13:25:55, Jul 18 2024


U-Boot 2022.04 (Jul 18 2024 - 13:53:05 +0800)

CPU:   i.MX8MP Lite[4] rev1.1 1600 MHz (running at 1200 MHz)
CPU:   Industrial temperature grade (-40C to 105C) at 41C
Reset cause: POR
Model: NXP i.MX8MPlus LPDDR4 EVK board
DRAM:  6 GiB
Core:  92 devices, 29 uclasses, devicetree: separate
MMC:   FSL_SDHC: 1, FSL_SDHC: 2
Loading Environment from MMC... *** Warning - bad CRC, using default environment

[*]-Video Link 0adv7535_mipi2hdmi adv7535@3d: Can't find cec device id=0x3c
fail to probe panel device adv7535@3d
fail to get display timings
probe video device failed, ret -19

        [0] lcd-controller@32e80000, video
        [1] mipi_dsi@32e60000, video_bridge
        [2] adv7535@3d, panel
adv7535_mipi2hdmi adv7535@3d: Can't find cec device id=0x3c
fail to probe panel device adv7535@3d
fail to get display timings
probe video device failed, ret -19
In:    serial
Out:   serial
Err:   serial
SEC0:  RNG instantiated

 BuildInfo:
  - ATF 15e8ff1

switch to partitions #0, OK
mmc2(part 0) is current device
flash target is MMC:2
Net:
Warning: ethernet@30bf0000 (eth1) using random MAC address - 02:87:65:b2:65:70

Warning: ethernet@30be0000 (eth0) using random MAC address - 7e:2c:e5:22:05:a6
eth0: ethernet@30be0000, eth1: ethernet@30bf0000 [PRIME]
Fastboot: Normal
Normal Boot
Hit any key to stop autoboot:  0
starting USB...
Bus usb@38100000: Register 2000140 NbrPorts 2
Starting the controller
USB XHCI 1.10
Bus usb@38200000: Register 2000140 NbrPorts 2
Starting the controller
USB XHCI 1.10
scanning bus usb@38100000 for devices... 1 USB Device(s) found
scanning bus usb@38200000 for devices... 1 USB Device(s) found
       scanning usb for storage devices... 0 Storage Device(s) found

Device 0: unknown device
MMC: no card present
switch to partitions #0, OK
mmc2(part 0) is current device
Scanning mmc 2:1...
62957 bytes read in 1 ms (60 MiB/s)
MMC: no card present
Scanning disk mmc@30b50000.blk...
Disk mmc@30b50000.blk not ready
Scanning disk mmc@30b60000.blk...
Found 3 disks
optee optee: OP-TEE api uid mismatch
Unable to open OP-TEE session (err=-19)
mm_communicate failed!
Error: Cannot initialize UEFI sub-system, r = 3
Running BSP bootcmd ...
switch to partitions #0, OK
mmc2(part 0) is current device
Failed to load 'boot.scr'
30118400 bytes read in 92 ms (312.2 MiB/s)
Booting from mmc ...
62957 bytes read in 1 ms (60 MiB/s)
## Flattened Device Tree blob at 43000000
   Booting using the fdt blob at 0x43000000
clk usb_phy_root_clk already disabled
clk usb_phy_root_clk already disabled
   Using Device Tree in place at 0000000043000000, end 00000000430125ec
Modify /vpu_g1@38300000:status disabled
Modify /vpu_g2@38310000:status disabled
Modify /vpu_vc8000e@38320000:status disabled
Modify /vipsi@38500000:status disabled
Modify /soc@0/bus@32c00000/camera/isp@32e10000:status disabled
Modify /soc@0/bus@32c00000/camera/isp@32e20000:status disabled
Modify /dsp@3b6e8000:status disabled
adv7535_mipi2hdmi adv7535@3d: Can't find cec device id=0x3c
fail to probe panel device adv7535@3d
fail to get display timings
probe video device failed, ret -19

Starting kernel ...

[    0.000000] Booting Linux on physical CPU 0x0000000000 [0x410fd034]
[    0.000000] Linux version 5.10.72-lts-5.10.y+ga68e31b63f86 (oe-user@oe-host) (aarch64-poky-linux-gcc (GCC) 10.2.0, GNU ld (GNU Binutils) 2.36.1.20210209) #1 SMP PREEMPT Tue Nov 23 06:02:20 UTC 2021
[    0.000000] Machine model: NXP i.MX8MPlus EVK board
[    0.000000] efi: UEFI not found.
[    0.000000] Reserved memory: created CMA memory pool at 0x00000000c4000000, size 960 MiB
[    0.000000] OF: reserved mem: initialized node linux,cma, compatible id shared-dma-pool
[    0.000000] Reserved memory: created DMA memory pool at 0x0000000094300000, size 1 MiB
[    0.000000] OF: reserved mem: initialized node vdev0buffer@94300000, compatible id shared-dma-pool
[    0.000000] NUMA: No NUMA configuration found
[    0.000000] NUMA: Faking a node at [mem 0x0000000040000000-0x00000001bfffffff]
[    0.000000] NUMA: NODE_DATA [mem 0x1bf440700-0x1bf442fff]
[    0.000000] Zone ranges:
[    0.000000]   DMA      [mem 0x0000000040000000-0x00000000ffffffff]
[    0.000000]   DMA32    empty
[    0.000000]   Normal   [mem 0x0000000100000000-0x00000001bfffffff]
[    0.000000] Movable zone start for each node
[    0.000000] Early memory node ranges
[    0.000000]   node   0: [mem 0x0000000040000000-0x00000000923fffff]
[    0.000000]   node   0: [mem 0x0000000092400000-0x00000000a43fffff]
[    0.000000]   node   0: [mem 0x00000000a4400000-0x00000001bfffffff]
[    0.000000] Initmem setup node 0 [mem 0x0000000040000000-0x00000001bfffffff]
[    0.000000] psci: probing for conduit method from DT.
[    0.000000] psci: PSCIv1.1 detected in firmware.
[    0.000000] psci: Using standard PSCI v0.2 function IDs
[    0.000000] psci: MIGRATE_INFO_TYPE not supported.
[    0.000000] psci: SMC Calling Convention v1.1
[    0.000000] percpu: Embedded 23 pages/cpu s56280 r8192 d29736 u94208
[    0.000000] Detected VIPT I-cache on CPU0
[    0.000000] CPU features: detected: ARM erratum 845719
[    0.000000] CPU features: detected: GIC system register CPU interface
[    0.000000] Built 1 zonelists, mobility grouping on.  Total pages: 1548288
[    0.000000] Policy zone: Normal
[    0.000000] Kernel command line: console=ttymxc1,115200 root=/dev/mmcblk2p2 rootwait rw
[    0.000000] Dentry cache hash table entries: 1048576 (order: 11, 8388608 bytes, linear)
[    0.000000] Inode-cache hash table entries: 524288 (order: 10, 4194304 bytes, linear)
[    0.000000] mem auto-init: stack:off, heap alloc:off, heap free:off
[    0.000000] software IO TLB: mapped [mem 0x00000000c0000000-0x00000000c4000000] (64MB)
[    0.000000] Memory: 4794508K/6291456K available (17920K kernel code, 1508K rwdata, 6928K rodata, 2944K init, 552K bss, 513908K reserved, 983040K cma-reserved)
[    0.000000] SLUB: HWalign=64, Order=0-3, MinObjects=0, CPUs=4, Nodes=1
[    0.000000] rcu: Preemptible hierarchical RCU implementation.
[    0.000000] rcu:     RCU event tracing is enabled.
[    0.000000] rcu:     RCU restricting CPUs from NR_CPUS=256 to nr_cpu_ids=4.
[    0.000000]  Trampoline variant of Tasks RCU enabled.
[    0.000000] rcu: RCU calculated value of scheduler-enlistment delay is 25 jiffies.
[    0.000000] rcu: Adjusting geometry for rcu_fanout_leaf=16, nr_cpu_ids=4
[    0.000000] NR_IRQS: 64, nr_irqs: 64, preallocated irqs: 0
[    0.000000] GICv3: GIC: Using split EOI/Deactivate mode
[    0.000000] GICv3: 160 SPIs implemented
[    0.000000] GICv3: 0 Extended SPIs implemented
[    0.000000] GICv3: Distributor has no Range Selector support
[    0.000000] GICv3: 16 PPIs implemented
[    0.000000] GICv3: CPU0: found redistributor 0 region 0:0x0000000038880000
[    0.000000] ITS: No ITS available, not enabling LPIs
[    0.000000] random: get_random_bytes called from start_kernel+0x320/0x4e4 with crng_init=0
[    0.000000] arch_timer: cp15 timer(s) running at 8.00MHz (phys).
[    0.000000] clocksource: arch_sys_counter: mask: 0xffffffffffffff max_cycles: 0x1d854df40, max_idle_ns: 440795202120 ns
[    0.000004] sched_clock: 56 bits at 8MHz, resolution 125ns, wraps every 2199023255500ns
[    0.000443] Console: colour dummy device 80x25
[    0.000506] Calibrating delay loop (skipped), value calculated using timer frequency.. 16.00 BogoMIPS (lpj=32000)
[    0.000523] pid_max: default: 32768 minimum: 301
[    0.000601] LSM: Security Framework initializing
[    0.000671] Mount-cache hash table entries: 16384 (order: 5, 131072 bytes, linear)
[    0.000699] Mountpoint-cache hash table entries: 16384 (order: 5, 131072 bytes, linear)
[    0.001901] rcu: Hierarchical SRCU implementation.
[    0.003189] EFI services will not be available.
[    0.003366] smp: Bringing up secondary CPUs ...
[    0.003725] Detected VIPT I-cache on CPU1
[    0.003749] GICv3: CPU1: found redistributor 1 region 0:0x00000000388a0000
[    0.003785] CPU1: Booted secondary processor 0x0000000001 [0x410fd034]
[    0.004244] Detected VIPT I-cache on CPU2
[    0.004261] GICv3: CPU2: found redistributor 2 region 0:0x00000000388c0000
[    0.004281] CPU2: Booted secondary processor 0x0000000002 [0x410fd034]
[    0.004669] Detected VIPT I-cache on CPU3
[    0.004684] GICv3: CPU3: found redistributor 3 region 0:0x00000000388e0000
[    0.004705] CPU3: Booted secondary processor 0x0000000003 [0x410fd034]
[    0.004767] smp: Brought up 1 node, 4 CPUs
[    0.004786] SMP: Total of 4 processors activated.
[    0.004793] CPU features: detected: 32-bit EL0 Support
[    0.004801] CPU features: detected: CRC32 instructions
[    0.004808] CPU features: detected: 32-bit EL1 Support
[    0.013140] CPU: All CPU(s) started at EL2
[    0.013163] alternatives: patching kernel code
[    0.015019] devtmpfs: initialized
[    0.023538] KASLR disabled due to lack of seed
[    0.023684] clocksource: jiffies: mask: 0xffffffff max_cycles: 0xffffffff, max_idle_ns: 7645041785100000 ns
[    0.023698] futex hash table entries: 1024 (order: 4, 65536 bytes, linear)
[    0.050129] pinctrl core: initialized pinctrl subsystem
[    0.050625] DMI not present or invalid.
[    0.050998] NET: Registered protocol family 16
[    0.058351] DMA: preallocated 1024 KiB GFP_KERNEL pool for atomic allocations
[    0.059536] DMA: preallocated 1024 KiB GFP_KERNEL|GFP_DMA pool for atomic allocations
[    0.060978] DMA: preallocated 1024 KiB GFP_KERNEL|GFP_DMA32 pool for atomic allocations
[    0.061033] audit: initializing netlink subsys (disabled)
[    0.061215] audit: type=2000 audit(0.060:1): state=initialized audit_enabled=0 res=1
[    0.061794] thermal_sys: Registered thermal governor 'step_wise'
[    0.061798] thermal_sys: Registered thermal governor 'power_allocator'
[    0.062173] cpuidle: using governor menu
[    0.062411] hw-breakpoint: found 6 breakpoint and 4 watchpoint registers.
[    0.062481] ASID allocator initialised with 65536 entries
[    0.063766] Serial: AMBA PL011 UART driver
[    0.063834] imx mu driver is registered.
[    0.063856] imx rpmsg driver is registered.
[    0.105389] imx8mp-pinctrl 30330000.pinctrl: initialized IMX pinctrl driver
[    0.124407] HugeTLB registered 1.00 GiB page size, pre-allocated 0 pages
[    0.124422] HugeTLB registered 32.0 MiB page size, pre-allocated 0 pages
[    0.124431] HugeTLB registered 2.00 MiB page size, pre-allocated 0 pages
[    0.124439] HugeTLB registered 64.0 KiB page size, pre-allocated 0 pages
[    0.125329] cryptd: max_cpu_qlen set to 1000
[    0.128500] ACPI: Interpreter disabled.
[    0.129653] iommu: Default domain type: Translated
[    0.129799] vgaarb: loaded
[    0.130089] SCSI subsystem initialized
[    0.130442] usbcore: registered new interface driver usbfs
[    0.130479] usbcore: registered new interface driver hub
[    0.130511] usbcore: registered new device driver usb
[    0.131927] mc: Linux media interface: v0.10
[    0.131956] videodev: Linux video capture interface: v2.00
[    0.132027] pps_core: LinuxPPS API ver. 1 registered
[    0.132034] pps_core: Software ver. 5.3.6 - Copyright 2005-2007 Rodolfo Giometti <giometti@linux.it>
[    0.132050] PTP clock support registered
[    0.132231] EDAC MC: Ver: 3.0.0
[    0.133549] FPGA manager framework
[    0.133630] Advanced Linux Sound Architecture Driver Initialized.
[    0.134267] Bluetooth: Core ver 2.22
[    0.134297] NET: Registered protocol family 31
[    0.134305] Bluetooth: HCI device and connection manager initialized
[    0.134316] Bluetooth: HCI socket layer initialized
[    0.134326] Bluetooth: L2CAP socket layer initialized
[    0.134342] Bluetooth: SCO socket layer initialized
[    0.135194] clocksource: Switched to clocksource arch_sys_counter
[    0.135354] VFS: Disk quotas dquot_6.6.0
[    0.135404] VFS: Dquot-cache hash table entries: 512 (order 0, 4096 bytes)
[    0.135567] pnp: PnP ACPI: disabled
[    0.141746] NET: Registered protocol family 2
[    0.141963] IP idents hash table entries: 131072 (order: 8, 1048576 bytes, linear)
[    0.144671] tcp_listen_portaddr_hash hash table entries: 4096 (order: 4, 65536 bytes, linear)
[    0.144754] TCP established hash table entries: 65536 (order: 7, 524288 bytes, linear)
[    0.145162] TCP bind hash table entries: 65536 (order: 8, 1048576 bytes, linear)
[    0.146077] TCP: Hash tables configured (established 65536 bind 65536)
[    0.146203] UDP hash table entries: 4096 (order: 5, 131072 bytes, linear)
[    0.146351] UDP-Lite hash table entries: 4096 (order: 5, 131072 bytes, linear)
[    0.146615] NET: Registered protocol family 1
[    0.146983] RPC: Registered named UNIX socket transport module.
[    0.146989] RPC: Registered udp transport module.
[    0.146996] RPC: Registered tcp transport module.
[    0.147001] RPC: Registered tcp NFSv4.1 backchannel transport module.
[    0.147722] PCI: CLS 0 bytes, default 64
[    0.148426] hw perfevents: enabled with armv8_pmuv3 PMU driver, 7 counters available
[    0.149245] kvm [1]: IPA Size Limit: 40 bits
[    0.150790] kvm [1]: GICv3: no GICV resource entry
[    0.150798] kvm [1]: disabling GICv2 emulation
[    0.150818] kvm [1]: GIC system register CPU interface enabled
[    0.150886] kvm [1]: vgic interrupt IRQ9
[    0.150990] kvm [1]: Hyp mode initialized successfully
[    0.153863] Initialise system trusted keyrings
[    0.153968] workingset: timestamp_bits=42 max_order=21 bucket_order=0
[    0.159789] squashfs: version 4.0 (2009/01/31) Phillip Lougher
[    0.160375] NFS: Registering the id_resolver key type
[    0.160399] Key type id_resolver registered
[    0.160407] Key type id_legacy registered
[    0.160484] nfs4filelayout_init: NFSv4 File Layout Driver Registering...
[    0.160493] nfs4flexfilelayout_init: NFSv4 Flexfile Layout Driver Registering...
[    0.160513] jffs2: version 2.2. (NAND) © 2001-2006 Red Hat, Inc.
[    0.160849] 9p: Installing v9fs 9p2000 file system support
[    0.197259] Key type asymmetric registered
[    0.197269] Asymmetric key parser 'x509' registered
[    0.197300] Block layer SCSI generic (bsg) driver version 0.4 loaded (major 241)
[    0.197307] io scheduler mq-deadline registered
[    0.197315] io scheduler kyber registered
[    0.200137] samsung-hdmi-phy 32fdff00.hdmiphy: failed to get phy apb clk: -517
[    0.200293] imx8-pcie-phy 32f00000.pcie-phy: failed to get imx pcie phy clock
[    0.204856] pwm-backlight lvds_backlight: supply power not found, using dummy regulator
[    0.205584] EINJ: ACPI disabled.
[    0.216759] imx-sdma 30bd0000.dma-controller: Direct firmware load for imx/sdma/sdma-imx7d.bin failed with error -2
[    0.216773] imx-sdma 30bd0000.dma-controller: Falling back to sysfs fallback for: imx/sdma/sdma-imx7d.bin
[    0.218832] mxs-dma 33000000.dma-apbh: initialized
[    0.221358] Bus freq driver module loaded
[    0.227469] Serial: 8250/16550 driver, 4 ports, IRQ sharing enabled
[    0.229961] 30860000.serial: ttymxc0 at MMIO 0x30860000 (irq = 35, base_baud = 5000000) is a IMX
[    0.230613] 30880000.serial: ttymxc2 at MMIO 0x30880000 (irq = 36, base_baud = 5000000) is a IMX
[    0.231261] 30890000.serial: ttymxc1 at MMIO 0x30890000 (irq = 37, base_baud = 1500000) is a IMX
[    1.291615] printk: console [ttymxc1] enabled
[    1.298972] imx-lcdifv3 32e80000.lcd-controller: No pix clock get: -517
[    1.306387] imx-lcdifv3 32e90000.lcd-controller: No pix clock get: -517
[    1.313333] imx-lcdifv3 32fc6000.lcd-controller: No irq get, ret=-517
[    1.324723] imx-hdmi-pavi 32fc4000.hdmi-pai-pvi: No pvi clock get
[    1.342200] loop: module loaded
[    1.346563] megasas: 07.714.04.00-rc1
[    1.351904] imx ahci driver is registered.
[    1.360500] spi-nor spi0.0: unrecognized JEDEC id bytes: 00 00 00 00 00 00
[    1.367419] spi-nor: probe of spi0.0 failed with error -2
[    1.374551] libphy: Fixed MDIO Bus: probed
[    1.380117] tun: Universal TUN/TAP device driver, 1.6
[    1.386058] thunder_xcv, ver 1.0
[    1.389329] thunder_bgx, ver 1.0
[    1.392594] nicpf, ver 1.0
[    1.396293] pps pps0: new PPS source ptp0
[    1.406239] libphy: fec_enet_mii_bus: probed
[    1.411752] fec 30be0000.ethernet eth0: registered PHC device 0
[    1.420474] hclge is initializing
[    1.423819] hns3: Hisilicon Ethernet Network Driver for Hip08 Family - version
[    1.431050] hns3: Copyright (c) 2017 Huawei Corporation.
[    1.436448] e1000: Intel(R) PRO/1000 Network Driver
[    1.441339] e1000: Copyright (c) 1999-2006 Intel Corporation.
[    1.447131] e1000e: Intel(R) PRO/1000 Network Driver
[    1.452104] e1000e: Copyright(c) 1999 - 2015 Intel Corporation.
[    1.458070] igb: Intel(R) Gigabit Ethernet Network Driver
[    1.463476] igb: Copyright (c) 2007-2014 Intel Corporation.
[    1.469083] igbvf: Intel(R) Gigabit Virtual Function Network Driver
[    1.475362] igbvf: Copyright (c) 2009 - 2012 Intel Corporation.
[    1.481499] sky2: driver version 1.30
[    1.486010] imx-dwmac 30bf0000.ethernet: IRQ eth_lpi not found
[    1.491943] imx-dwmac 30bf0000.ethernet: no reset control found
[    1.498020] imx-dwmac 30bf0000.ethernet: User ID: 0x10, Synopsys ID: 0x51
[    1.504823] imx-dwmac 30bf0000.ethernet:     DWMAC4/5
[    1.509625] imx-dwmac 30bf0000.ethernet: DMA HW capability register supported
[    1.516771] imx-dwmac 30bf0000.ethernet: RX Checksum Offload Engine supported
[    1.523913] imx-dwmac 30bf0000.ethernet: TX Checksum insertion supported
[    1.530618] imx-dwmac 30bf0000.ethernet: Wake-Up On Lan supported
[    1.536772] imx-dwmac 30bf0000.ethernet: Enable RX Mitigation via HW Watchdog Timer
[    1.544468] imx-dwmac 30bf0000.ethernet: Enabled Flow TC (entries=8)
[    1.550839] imx-dwmac 30bf0000.ethernet: Enabling HW TC (entries=256, max_off=256)
[    1.558417] imx-dwmac 30bf0000.ethernet: Using 34 bits DMA width
[    1.564859] libphy: stmmac: probed
[    1.568508] mdio_bus stmmac-1: MDIO device at address 1 is missing.
[    1.575949] usbcore: registered new interface driver r8152
[    1.581482] usbcore: registered new interface driver asix
[    1.586942] usbcore: registered new interface driver ax88179_178a
[    1.593072] usbcore: registered new interface driver cdc_ether
[    1.598941] usbcore: registered new interface driver net1080
[    1.604632] usbcore: registered new interface driver cdc_subset
[    1.610593] usbcore: registered new interface driver zaurus
[    1.616210] usbcore: registered new interface driver cdc_ncm
[    1.622110] VFIO - User Level meta-driver version: 0.3
[    1.634212] ehci_hcd: USB 2.0 'Enhanced' Host Controller (EHCI) Driver
[    1.640776] ehci-pci: EHCI PCI platform driver
[    1.645265] ehci-platform: EHCI generic platform driver
[    1.650748] ohci_hcd: USB 1.1 'Open' Host Controller (OHCI) Driver
[    1.656963] ohci-pci: OHCI PCI platform driver
[    1.661449] ohci-platform: OHCI generic platform driver
[    1.667679] usbcore: registered new interface driver uas
[    1.673047] usbcore: registered new interface driver usb-storage
[    1.679127] usbcore: registered new interface driver usbserial_generic
[    1.685684] usbserial: USB Serial support registered for generic
[    1.691725] usbcore: registered new interface driver ftdi_sio
[    1.697498] usbserial: USB Serial support registered for FTDI USB Serial Device
[    1.704845] usbcore: registered new interface driver usb_serial_simple
[    1.711399] usbserial: USB Serial support registered for carelink
[    1.717514] usbserial: USB Serial support registered for zio
[    1.723202] usbserial: USB Serial support registered for funsoft
[    1.729230] usbserial: USB Serial support registered for flashloader
[    1.735603] usbserial: USB Serial support registered for google
[    1.741543] usbserial: USB Serial support registered for libtransistor
[    1.748090] usbserial: USB Serial support registered for vivopay
[    1.754118] usbserial: USB Serial support registered for moto_modem
[    1.760407] usbserial: USB Serial support registered for motorola_tetra
[    1.767044] usbserial: USB Serial support registered for novatel_gps
[    1.773419] usbserial: USB Serial support registered for hp4x
[    1.779191] usbserial: USB Serial support registered for suunto
[    1.785132] usbserial: USB Serial support registered for siemens_mpi
[    1.791524] usbcore: registered new interface driver usb_ehset_test
[    1.801034] input: 30370000.snvs:snvs-powerkey as /devices/platform/soc@0/30000000.bus/30370000.snvs/30370000.snvs:snvs-powerkey/input/input0
[    1.816099] snvs_rtc 30370000.snvs:snvs-rtc-lp: registered as rtc0
[    1.822318] snvs_rtc 30370000.snvs:snvs-rtc-lp: setting system clock to 1970-01-01T00:16:25 UTC (985)
[    1.831773] i2c /dev entries driver
[    1.839906] Bluetooth: HCI UART driver ver 2.3
[    1.844370] Bluetooth: HCI UART protocol H4 registered
[    1.849518] Bluetooth: HCI UART protocol BCSP registered
[    1.854858] Bluetooth: HCI UART protocol LL registered
[    1.860006] Bluetooth: HCI UART protocol ATH3K registered
[    1.865432] Bluetooth: HCI UART protocol Three-wire (H5) registered
[    1.871811] Bluetooth: HCI UART protocol Broadcom registered
[    1.877500] Bluetooth: HCI UART protocol QCA registered
[    1.882976] EDAC MC: ECC not enabled
[    1.887975] sdhci: Secure Digital Host Controller Interface driver
[    1.894170] sdhci: Copyright(c) Pierre Ossman
[    1.898969] Synopsys Designware Multimedia Card Interface Driver
[    1.905748] sdhci-pltfm: SDHCI platform and OF driver helper
[    1.912603] sdhci-esdhc-imx 30b50000.mmc: voltage-ranges unspecified
[    1.912908] sdhci-esdhc-imx 30b60000.mmc: voltage-ranges unspecified
[    1.925408] ledtrig-cpu: registered to indicate activity on CPUs
[    1.932826] usbcore: registered new interface driver usbhid
[    1.938420] usbhid: USB HID core driver
[    1.942774] mxc-mipi-csi2-sam 32e40000.csi: supply mipi-phy not found, using dummy regulator
[    1.957986] mmc2: SDHCI controller on 30b60000.mmc [30b60000.mmc] using ADMA
[    1.958476] optee: probing for conduit method.
[    1.969510] optee: api uid mismatch
[    1.973017] optee: probe of firmware:optee failed with error -22
[    1.982014] Galcore version 6.4.3.p2.336687
[    2.056817] mmc2: new HS400 Enhanced strobe MMC card at address 0001
[    2.064561] mmcblk2: mmc2:0001 AJTD4R 14.6 GiB
[    2.069324] mmcblk2boot0: mmc2:0001 AJTD4R partition 1 4.00 MiB
[    2.075461] mmcblk2boot1: mmc2:0001 AJTD4R partition 2 4.00 MiB
[    2.081861] mmcblk2rpmb: mmc2:0001 AJTD4R partition 3 4.00 MiB, chardev (511:0)
[    2.091349]  mmcblk2: p1 p2
[    2.106910] [drm] Initialized vivante 1.0.0 20170808 for 40000000.mix_gpu_ml on minor 0
[    2.124101] fsl-sai 30c20000.sai: failed to get bus clock: -517
[    2.132081] fsl-sai 30c30000.sai: failed to get bus clock: -517
[    2.141420] fsl-micfil-dai 30ca0000.micfil: failed to get core clock: -517
[    2.149127] fsl-easrc 30c90000.easrc: failed to get mem clock
[    2.155388] fsl,imx8mp-audio-xcvr 30cc0000.xcvr: failed to get ipg clock
[    2.162793] fsl-aud2htx 30cb0000.aud2htx: failed to get mem clock
[    2.170117] imx-xcvr sound-xcvr: snd_soc_register_card failed: -517
[    2.177467] imx-micfil sound-micfil: snd_soc_register_card failed (-517)
[    2.184882] imx-cdnhdmi sound-hdmi: snd_soc_register_card failed (-517)
[    2.191633] NET: Registered protocol family 26
[    2.196540] NET: Registered protocol family 10
[    2.202266] Segment Routing with IPv6
[    2.205988] NET: Registered protocol family 17
[    2.211451] Bluetooth: RFCOMM TTY layer initialized
[    2.216347] Bluetooth: RFCOMM socket layer initialized
[    2.221510] Bluetooth: RFCOMM ver 1.11
[    2.225275] Bluetooth: BNEP (Ethernet Emulation) ver 1.3
[    2.230593] Bluetooth: BNEP filters: protocol multicast
[    2.235829] Bluetooth: BNEP socket layer initialized
[    2.240799] Bluetooth: HIDP (Human Interface Emulation) ver 1.2
[    2.246728] Bluetooth: HIDP socket layer initialized
[    2.251734] 8021q: 802.1Q VLAN Support v1.8
[    2.255943] lib80211: common routines for IEEE802.11 drivers
[    2.261719] 9pnet: Installing 9P2000 support
[    2.266029] tsn generic netlink module v1 init...
[    2.270812] Key type dns_resolver registered
[    2.275998] registered taskstats version 1
[    2.280111] Loading compiled-in X.509 certificates
[    2.321240] nxp-pca9450 0-0025: pca9450bc probed.
[    2.326124] i2c i2c-0: IMX I2C adapter registered
[    2.332103] adv7511 1-003d: supply avdd not found, using dummy regulator
[    2.338914] adv7511 1-003d: supply dvdd not found, using dummy regulator
[    2.345661] adv7511 1-003d: supply pvdd not found, using dummy regulator
[    2.352408] adv7511 1-003d: supply a2vdd not found, using dummy regulator
[    2.359236] adv7511 1-003d: supply v3p3 not found, using dummy regulator
[    2.365995] adv7511 1-003d: supply v1p2 not found, using dummy regulator
[    2.373595] adv7511 1-003d: Probe failed. Remote port 'mipi_dsi@32e60000' disabled
[    2.435685] it6263 1-004c: Probe failed. Remote port 'lvds-channel@0' disabled
[    2.443688] ov5640 1-003c: supply DOVDD not found, using dummy regulator
[    2.450520] ov5640 1-003c: supply AVDD not found, using dummy regulator
[    2.457181] ov5640 1-003c: supply DVDD not found, using dummy regulator
[    2.509441] ov5640 1-003c: ov5640_read_reg: error: reg=300a
[    2.515031] ov5640 1-003c: ov5640_check_chip_id: failed to read chip identifier
[    2.523447] i2c i2c-1: IMX I2C adapter registered
[    2.529441] pca953x 2-0020: using no AI
[    2.533534] pca953x 2-0020: failed writing register
[    2.538972] i2c i2c-2: IMX I2C adapter registered
[    2.545473] imx8mq-usb-phy 381f0040.usb-phy: supply vbus not found, using dummy regulator
[    2.554079] imx8mq-usb-phy 382f0040.usb-phy: supply vbus not found, using dummy regulator
[    2.562557] samsung-hdmi-phy 32fdff00.hdmiphy: failed to get phy apb clk: -517
[    2.572736] pwm-backlight lvds_backlight: supply power not found, using dummy regulator
[    2.573422] imx6q-pcie 33800000.pcie: supply epdev_on not found, using dummy regulator
[    2.589037] imx6q-pcie 33800000.pcie: EXT REF_CLK is used!.
[    2.596242] imx6q-pcie 33800000.pcie: PCIe PHY PLL clock is not locked.
[    2.601453] SoC: i.MX8MP revision 1.1
[    2.606855] imx-cpufreq-dt imx-cpufreq-dt: cpu speed grade 7 mkt segment 2 supported-hw 0x80 0x4
[    2.619278] imx-lcdifv3 32fc6000.lcd-controller: No irq get, ret=-517
[    2.629918] OF: graph: no port node found in /soc@0/usb-phy@381f0040
[    2.637605] xhci-hcd xhci-hcd.1.auto: xHCI Host Controller
[    2.643179] xhci-hcd xhci-hcd.1.auto: new USB bus registered, assigned bus number 1
[    2.651221] xhci-hcd xhci-hcd.1.auto: hcc params 0x0220fe6c hci version 0x110 quirks 0x0000002021810010
[    2.660659] xhci-hcd xhci-hcd.1.auto: irq 83, io mem 0x38200000
[    2.666719] xhci-hcd xhci-hcd.1.auto: xHCI Host Controller
[    2.672223] xhci-hcd xhci-hcd.1.auto: new USB bus registered, assigned bus number 2
[    2.679902] xhci-hcd xhci-hcd.1.auto: Host supports USB 3.0 SuperSpeed

U-Boot SPL 2022.04 (Jul 18 2024 - 13:53:05 +0800)
DDRINFO: start DRAM init
DDRINFO: DRAM rate 4000MTS
DDRINFO:ddrphy calibration done
DDRINFO: ddrmix config done
SEC0:  RNG instantiated
Normal Boot
Trying to boot from BOOTROM
Boot Stage: Primary boot
image offset 0x0, pagesize 0x200, ivt offset 0x0
NOTICE:  BL31: v2.2(release):rel_imx_5.4.70_2.3.6-0-g15e8ff164
NOTICE:  BL31: Built : 13:25:55, Jul 18 2024


U-Boot 2022.04 (Jul 18 2024 - 13:53:05 +0800)

CPU:   i.MX8MP Lite[4] rev1.1 1600 MHz (running at 1200 MHz)
CPU:   Industrial temperature grade (-40C to 105C) at 41C
Reset cause: POR
Model: NXP i.MX8MPlus LPDDR4 EVK board
DRAM:  6 GiB
Core:  92 devices, 29 uclasses, devicetree: separate
MMC:   FSL_SDHC: 1, FSL_SDHC: 2
Loading Environment from MMC... *** Warning - bad CRC, using default environment

[*]-Video Link 0adv7535_mipi2hdmi adv7535@3d: Can't find cec device id=0x3c
fail to probe panel device adv7535@3d
fail to get display timings
probe video device failed, ret -19

        [0] lcd-controller@32e80000, video
        [1] mipi_dsi@32e60000, video_bridge
        [2] adv7535@3d, panel
adv7535_mipi2hdmi adv7535@3d: Can't find cec device id=0x3c
fail to probe panel device adv7535@3d
fail to get display timings
probe video device failed, ret -19
In:    serial
Out:   serial
Err:   serial
SEC0:  RNG instantiated

 BuildInfo:
  - ATF 15e8ff1

switch to partitions #0, OK
mmc2(part 0) is current device
flash target is MMC:2
Net:
Warning: ethernet@30bf0000 (eth1) using random MAC address - 1a:8d:b2:26:b3:df

Warning: ethernet@30be0000 (eth0) using random MAC address - 4e:51:2c:f2:18:c6
eth0: ethernet@30be0000, eth1: ethernet@30bf0000 [PRIME]
Fastboot: Normal
Normal Boot
Hit any key to stop autoboot:  0
starting USB...
Bus usb@38100000: Register 2000140 NbrPorts 2
Starting the controller
USB XHCI 1.10
Bus usb@38200000: Register 2000140 NbrPorts 2
Starting the controller
USB XHCI 1.10
scanning bus usb@38100000 for devices... 1 USB Device(s) found
scanning bus usb@38200000 for devices... 1 USB Device(s) found
       scanning usb for storage devices... 0 Storage Device(s) found

Device 0: unknown device
MMC: no card present
switch to partitions #0, OK
mmc2(part 0) is current device
Scanning mmc 2:1...
62957 bytes read in 1 ms (60 MiB/s)
MMC: no card present
Scanning disk mmc@30b50000.blk...
Disk mmc@30b50000.blk not ready
Scanning disk mmc@30b60000.blk...
Found 3 disks
optee optee: OP-TEE api uid mismatch
Unable to open OP-TEE session (err=-19)
mm_communicate failed!
Error: Cannot initialize UEFI sub-system, r = 3
Running BSP bootcmd ...
switch to partitions #0, OK
mmc2(part 0) is current device
Failed to load 'boot.scr'
30118400 bytes read in 93 ms (308.9 MiB/s)
Booting from mmc ...
62957 bytes read in 1 ms (60 MiB/s)
## Flattened Device Tree blob at 43000000
   Booting using the fdt blob at 0x43000000
clk usb_phy_root_clk already disabled
clk usb_phy_root_clk already disabled
   Using Device Tree in place at 0000000043000000, end 00000000430125ec
Modify /vpu_g1@38300000:status disabled
Modify /vpu_g2@38310000:status disabled
Modify /vpu_vc8000e@38320000:status disabled
Modify /vipsi@38500000:status disabled
Modify /soc@0/bus@32c00000/camera/isp@32e10000:status disabled
Modify /soc@0/bus@32c00000/camera/isp@32e20000:status disabled
Modify /dsp@3b6e8000:status disabled
adv7535_mipi2hdmi adv7535@3d: Can't find cec device id=0x3c
fail to probe panel device adv7535@3d
fail to get display timings
probe video device failed, ret -19

Starting kernel ...

[    0.000000] Booting Linux on physical CPU 0x0000000000 [0x410fd034]
[    0.000000] Linux version 5.10.72-lts-5.10.y+ga68e31b63f86 (oe-user@oe-host) (aarch64-poky-linux-gcc (GCC) 10.2.0, GNU ld (GNU Binutils) 2.36.1.20210209) #1 SMP PREEMPT Tue Nov 23 06:02:20 UTC 2021
[    0.000000] Machine model: NXP i.MX8MPlus EVK board
[    0.000000] efi: UEFI not found.
[    0.000000] Reserved memory: created CMA memory pool at 0x00000000c4000000, size 960 MiB
[    0.000000] OF: reserved mem: initialized node linux,cma, compatible id shared-dma-pool
[    0.000000] Reserved memory: created DMA memory pool at 0x0000000094300000, size 1 MiB
[    0.000000] OF: reserved mem: initialized node vdev0buffer@94300000, compatible id shared-dma-pool
[    0.000000] NUMA: No NUMA configuration found
[    0.000000] NUMA: Faking a node at [mem 0x0000000040000000-0x00000001bfffffff]
[    0.000000] NUMA: NODE_DATA [mem 0x1bf440700-0x1bf442fff]
[    0.000000] Zone ranges:
[    0.000000]   DMA      [mem 0x0000000040000000-0x00000000ffffffff]
[    0.000000]   DMA32    empty
[    0.000000]   Normal   [mem 0x0000000100000000-0x00000001bfffffff]
[    0.000000] Movable zone start for each node
[    0.000000] Early memory node ranges
[    0.000000]   node   0: [mem 0x0000000040000000-0x00000000923fffff]
[    0.000000]   node   0: [mem 0x0000000092400000-0x00000000a43fffff]
[    0.000000]   node   0: [mem 0x00000000a4400000-0x00000001bfffffff]
[    0.000000] Initmem setup node 0 [mem 0x0000000040000000-0x00000001bfffffff]
[    0.000000] psci: probing for conduit method from DT.
[    0.000000] psci: PSCIv1.1 detected in firmware.
[    0.000000] psci: Using standard PSCI v0.2 function IDs
[    0.000000] psci: MIGRATE_INFO_TYPE not supported.
[    0.000000] psci: SMC Calling Convention v1.1
[    0.000000] percpu: Embedded 23 pages/cpu s56280 r8192 d29736 u94208
[    0.000000] Detected VIPT I-cache on CPU0
[    0.000000] CPU features: detected: ARM erratum 845719
[    0.000000] CPU features: detected: GIC system register CPU interface
[    0.000000] Built 1 zonelists, mobility grouping on.  Total pages: 1548288
[    0.000000] Policy zone: Normal
[    0.000000] Kernel command line: console=ttymxc1,115200 root=/dev/mmcblk2p2 rootwait rw
[    0.000000] Dentry cache hash table entries: 1048576 (order: 11, 8388608 bytes, linear)
[    0.000000] Inode-cache hash table entries: 524288 (order: 10, 4194304 bytes, linear)
[    0.000000] mem auto-init: stack:off, heap alloc:off, heap free:off
[    0.000000] software IO TLB: mapped [mem 0x00000000c0000000-0x00000000c4000000] (64MB)
[    0.000000] Memory: 4794508K/6291456K available (17920K kernel code, 1508K rwdata, 6928K rodata, 2944K init, 552K bss, 513908K reserved, 983040K cma-reserved)
[    0.000000] SLUB: HWalign=64, Order=0-3, MinObjects=0, CPUs=4, Nodes=1
[    0.000000] rcu: Preemptible hierarchical RCU implementation.
[    0.000000] rcu:     RCU event tracing is enabled.
[    0.000000] rcu:     RCU restricting CPUs from NR_CPUS=256 to nr_cpu_ids=4.
[    0.000000]  Trampoline variant of Tasks RCU enabled.
[    0.000000] rcu: RCU calculated value of scheduler-enlistment delay is 25 jiffies.
[    0.000000] rcu: Adjusting geometry for rcu_fanout_leaf=16, nr_cpu_ids=4
[    0.000000] NR_IRQS: 64, nr_irqs: 64, preallocated irqs: 0
[    0.000000] GICv3: GIC: Using split EOI/Deactivate mode
[    0.000000] GICv3: 160 SPIs implemented
[    0.000000] GICv3: 0 Extended SPIs implemented
[    0.000000] GICv3: Distributor has no Range Selector support
[    0.000000] GICv3: 16 PPIs implemented
[    0.000000] GICv3: CPU0: found redistributor 0 region 0:0x0000000038880000
[    0.000000] ITS: No ITS available, not enabling LPIs
[    0.000000] random: get_random_bytes called from start_kernel+0x320/0x4e4 with crng_init=0
[    0.000000] arch_timer: cp15 timer(s) running at 8.00MHz (phys).
[    0.000000] clocksource: arch_sys_counter: mask: 0xffffffffffffff max_cycles: 0x1d854df40, max_idle_ns: 440795202120 ns
[    0.000003] sched_clock: 56 bits at 8MHz, resolution 125ns, wraps every 2199023255500ns
[    0.000444] Console: colour dummy device 80x25
[    0.000507] Calibrating delay loop (skipped), value calculated using timer frequency.. 16.00 BogoMIPS (lpj=32000)
[    0.000519] pid_max: default: 32768 minimum: 301
[    0.000592] LSM: Security Framework initializing
[    0.000662] Mount-cache hash table entries: 16384 (order: 5, 131072 bytes, linear)
[    0.000687] Mountpoint-cache hash table entries: 16384 (order: 5, 131072 bytes, linear)
[    0.001886] rcu: Hierarchical SRCU implementation.
[    0.003167] EFI services will not be available.
[    0.003345] smp: Bringing up secondary CPUs ...
[    0.003699] Detected VIPT I-cache on CPU1
[    0.003722] GICv3: CPU1: found redistributor 1 region 0:0x00000000388a0000
[    0.003757] CPU1: Booted secondary processor 0x0000000001 [0x410fd034]
[    0.004224] Detected VIPT I-cache on CPU2
[    0.004242] GICv3: CPU2: found redistributor 2 region 0:0x00000000388c0000
[    0.004261] CPU2: Booted secondary processor 0x0000000002 [0x410fd034]
[    0.004639] Detected VIPT I-cache on CPU3
[    0.004656] GICv3: CPU3: found redistributor 3 region 0:0x00000000388e0000
[    0.004677] CPU3: Booted secondary processor 0x0000000003 [0x410fd034]
[    0.004739] smp: Brought up 1 node, 4 CPUs
[    0.004758] SMP: Total of 4 processors activated.
[    0.004767] CPU features: detected: 32-bit EL0 Support
[    0.004775] CPU features: detected: CRC32 instructions
[    0.004783] CPU features: detected: 32-bit EL1 Support
[    0.013329] CPU: All CPU(s) started at EL2
[    0.013352] alternatives: patching kernel code
[    0.015206] devtmpfs: initialized
[    0.023670] KASLR disabled due to lack of seed
[    0.023818] clocksource: jiffies: mask: 0xffffffff max_cycles: 0xffffffff, max_idle_ns: 7645041785100000 ns
[    0.023832] futex hash table entries: 1024 (order: 4, 65536 bytes, linear)
[    0.050265] pinctrl core: initialized pinctrl subsystem
[    0.050755] DMI not present or invalid.
[    0.051119] NET: Registered protocol family 16
[    0.058420] DMA: preallocated 1024 KiB GFP_KERNEL pool for atomic allocations
[    0.059633] DMA: preallocated 1024 KiB GFP_KERNEL|GFP_DMA pool for atomic allocations
[    0.061089] DMA: preallocated 1024 KiB GFP_KERNEL|GFP_DMA32 pool for atomic allocations
[    0.061144] audit: initializing netlink subsys (disabled)
[    0.061321] audit: type=2000 audit(0.060:1): state=initialized audit_enabled=0 res=1
[    0.061898] thermal_sys: Registered thermal governor 'step_wise'
[    0.061902] thermal_sys: Registered thermal governor 'power_allocator'
[    0.062278] cpuidle: using governor menu
[    0.062517] hw-breakpoint: found 6 breakpoint and 4 watchpoint registers.
[    0.062587] ASID allocator initialised with 65536 entries
[    0.063900] Serial: AMBA PL011 UART driver
[    0.063969] imx mu driver is registered.
[    0.063993] imx rpmsg driver is registered.
[    0.105800] imx8mp-pinctrl 30330000.pinctrl: initialized IMX pinctrl driver
[    0.124896] HugeTLB registered 1.00 GiB page size, pre-allocated 0 pages
[    0.124912] HugeTLB registered 32.0 MiB page size, pre-allocated 0 pages
[    0.124920] HugeTLB registered 2.00 MiB page size, pre-allocated 0 pages
[    0.124927] HugeTLB registered 64.0 KiB page size, pre-allocated 0 pages
[    0.125823] cryptd: max_cpu_qlen set to 1000
[    0.128967] ACPI: Interpreter disabled.
[    0.130123] iommu: Default domain type: Translated
[    0.130266] vgaarb: loaded
[    0.130552] SCSI subsystem initialized
[    0.130908] usbcore: registered new interface driver usbfs
[    0.130948] usbcore: registered new interface driver hub
[    0.130980] usbcore: registered new device driver usb
[    0.132400] mc: Linux media interface: v0.10
[    0.132427] videodev: Linux video capture interface: v2.00
[    0.132499] pps_core: LinuxPPS API ver. 1 registered
[    0.132505] pps_core: Software ver. 5.3.6 - Copyright 2005-2007 Rodolfo Giometti <giometti@linux.it>
[    0.132523] PTP clock support registered
[    0.132716] EDAC MC: Ver: 3.0.0
[    0.134010] FPGA manager framework
[    0.134086] Advanced Linux Sound Architecture Driver Initialized.
[    0.134721] Bluetooth: Core ver 2.22
[    0.134749] NET: Registered protocol family 31
[    0.134754] Bluetooth: HCI device and connection manager initialized
[    0.134766] Bluetooth: HCI socket layer initialized
[    0.134775] Bluetooth: L2CAP socket layer initialized
[    0.134791] Bluetooth: SCO socket layer initialized
[    0.135649] clocksource: Switched to clocksource arch_sys_counter
[    0.135811] VFS: Disk quotas dquot_6.6.0
[    0.135856] VFS: Dquot-cache hash table entries: 512 (order 0, 4096 bytes)
[    0.136023] pnp: PnP ACPI: disabled
[    0.142149] NET: Registered protocol family 2
[    0.142365] IP idents hash table entries: 131072 (order: 8, 1048576 bytes, linear)
[    0.145092] tcp_listen_portaddr_hash hash table entries: 4096 (order: 4, 65536 bytes, linear)
[    0.145176] TCP established hash table entries: 65536 (order: 7, 524288 bytes, linear)
[    0.145585] TCP bind hash table entries: 65536 (order: 8, 1048576 bytes, linear)
[    0.146503] TCP: Hash tables configured (established 65536 bind 65536)
[    0.146628] UDP hash table entries: 4096 (order: 5, 131072 bytes, linear)
[    0.146778] UDP-Lite hash table entries: 4096 (order: 5, 131072 bytes, linear)
[    0.147043] NET: Registered protocol family 1
[    0.147410] RPC: Registered named UNIX socket transport module.
[    0.147417] RPC: Registered udp transport module.
[    0.147423] RPC: Registered tcp transport module.
[    0.147430] RPC: Registered tcp NFSv4.1 backchannel transport module.
[    0.148150] PCI: CLS 0 bytes, default 64
[    0.148845] hw perfevents: enabled with armv8_pmuv3 PMU driver, 7 counters available
[    0.149662] kvm [1]: IPA Size Limit: 40 bits
[    0.151225] kvm [1]: GICv3: no GICV resource entry
[    0.151231] kvm [1]: disabling GICv2 emulation
[    0.151248] kvm [1]: GIC system register CPU interface enabled
[    0.151312] kvm [1]: vgic interrupt IRQ9
[    0.151415] kvm [1]: Hyp mode initialized successfully
[    0.154308] Initialise system trusted keyrings
[    0.154414] workingset: timestamp_bits=42 max_order=21 bucket_order=0
[    0.160304] squashfs: version 4.0 (2009/01/31) Phillip Lougher
[    0.160898] NFS: Registering the id_resolver key type
[    0.160923] Key type id_resolver registered
[    0.160929] Key type id_legacy registered
[    0.161007] nfs4filelayout_init: NFSv4 File Layout Driver Registering...
[    0.161016] nfs4flexfilelayout_init: NFSv4 Flexfile Layout Driver Registering...
[    0.161036] jffs2: version 2.2. (NAND) © 2001-2006 Red Hat, Inc.
[    0.161373] 9p: Installing v9fs 9p2000 file system support
[    0.197033] Key type asymmetric registered
[    0.197043] Asymmetric key parser 'x509' registered
[    0.197082] Block layer SCSI generic (bsg) driver version 0.4 loaded (major 241)
[    0.197091] io scheduler mq-deadline registered
[    0.197098] io scheduler kyber registered
[    0.199930] samsung-hdmi-phy 32fdff00.hdmiphy: failed to get phy apb clk: -517
[    0.200088] imx8-pcie-phy 32f00000.pcie-phy: failed to get imx pcie phy clock
[    0.204627] pwm-backlight lvds_backlight: supply power not found, using dummy regulator
[    0.205334] EINJ: ACPI disabled.
[    0.216456] imx-sdma 30bd0000.dma-controller: Direct firmware load for imx/sdma/sdma-imx7d.bin failed with error -2
[    0.216470] imx-sdma 30bd0000.dma-controller: Falling back to sysfs fallback for: imx/sdma/sdma-imx7d.bin
[    0.218550] mxs-dma 33000000.dma-apbh: initialized
[    0.221058] Bus freq driver module loaded
[    0.227080] Serial: 8250/16550 driver, 4 ports, IRQ sharing enabled
[    0.229571] 30860000.serial: ttymxc0 at MMIO 0x30860000 (irq = 35, base_baud = 5000000) is a IMX
[    0.230332] 30880000.serial: ttymxc2 at MMIO 0x30880000 (irq = 36, base_baud = 5000000) is a IMX
[    0.230923] 30890000.serial: ttymxc1 at MMIO 0x30890000 (irq = 37, base_baud = 1500000) is a IMX
[    1.291293] printk: console [ttymxc1] enabled
[    1.298549] imx-lcdifv3 32e80000.lcd-controller: No pix clock get: -517
[    1.305906] imx-lcdifv3 32e90000.lcd-controller: No pix clock get: -517
[    1.312849] imx-lcdifv3 32fc6000.lcd-controller: No irq get, ret=-517
[    1.324264] imx-hdmi-pavi 32fc4000.hdmi-pai-pvi: No pvi clock get
[    1.341732] loop: module loaded
[    1.346083] megasas: 07.714.04.00-rc1
[    1.351447] imx ahci driver is registered.
[    1.359993] spi-nor spi0.0: unrecognized JEDEC id bytes: 00 00 00 00 00 00
[    1.366896] spi-nor: probe of spi0.0 failed with error -2
[    1.374027] libphy: Fixed MDIO Bus: probed
[    1.379569] tun: Universal TUN/TAP device driver, 1.6
[    1.385513] thunder_xcv, ver 1.0
[    1.388791] thunder_bgx, ver 1.0
[    1.392059] nicpf, ver 1.0
[    1.395753] pps pps0: new PPS source ptp0
[    1.405642] libphy: fec_enet_mii_bus: probed
[    1.411096] fec 30be0000.ethernet eth0: registered PHC device 0
[    1.419808] hclge is initializing
[    1.423145] hns3: Hisilicon Ethernet Network Driver for Hip08 Family - version
[    1.430378] hns3: Copyright (c) 2017 Huawei Corporation.
[    1.435776] e1000: Intel(R) PRO/1000 Network Driver
[    1.440669] e1000: Copyright (c) 1999-2006 Intel Corporation.
[    1.446459] e1000e: Intel(R) PRO/1000 Network Driver
[    1.451431] e1000e: Copyright(c) 1999 - 2015 Intel Corporation.
[    1.457392] igb: Intel(R) Gigabit Ethernet Network Driver
[    1.462799] igb: Copyright (c) 2007-2014 Intel Corporation.
[    1.468404] igbvf: Intel(R) Gigabit Virtual Function Network Driver
[    1.474677] igbvf: Copyright (c) 2009 - 2012 Intel Corporation.
[    1.480821] sky2: driver version 1.30
[    1.485327] imx-dwmac 30bf0000.ethernet: IRQ eth_lpi not found
[    1.491252] imx-dwmac 30bf0000.ethernet: no reset control found
[    1.497340] imx-dwmac 30bf0000.ethernet: User ID: 0x10, Synopsys ID: 0x51
[    1.504143] imx-dwmac 30bf0000.ethernet:     DWMAC4/5
[    1.508945] imx-dwmac 30bf0000.ethernet: DMA HW capability register supported
[    1.516090] imx-dwmac 30bf0000.ethernet: RX Checksum Offload Engine supported
[    1.523233] imx-dwmac 30bf0000.ethernet: TX Checksum insertion supported
[    1.529939] imx-dwmac 30bf0000.ethernet: Wake-Up On Lan supported
[    1.536099] imx-dwmac 30bf0000.ethernet: Enable RX Mitigation via HW Watchdog Timer
[    1.543793] imx-dwmac 30bf0000.ethernet: Enabled Flow TC (entries=8)
[    1.550166] imx-dwmac 30bf0000.ethernet: Enabling HW TC (entries=256, max_off=256)
[    1.557744] imx-dwmac 30bf0000.ethernet: Using 34 bits DMA width
[    1.564193] libphy: stmmac: probed
[    1.567842] mdio_bus stmmac-1: MDIO device at address 1 is missing.
[    1.575266] usbcore: registered new interface driver r8152
[    1.580803] usbcore: registered new interface driver asix
[    1.586260] usbcore: registered new interface driver ax88179_178a
[    1.592392] usbcore: registered new interface driver cdc_ether
[    1.598259] usbcore: registered new interface driver net1080
[    1.603952] usbcore: registered new interface driver cdc_subset
[    1.609917] usbcore: registered new interface driver zaurus
[    1.615535] usbcore: registered new interface driver cdc_ncm
[    1.621445] VFIO - User Level meta-driver version: 0.3
[    1.633493] ehci_hcd: USB 2.0 'Enhanced' Host Controller (EHCI) Driver
[    1.640045] ehci-pci: EHCI PCI platform driver
[    1.644526] ehci-platform: EHCI generic platform driver
[    1.650035] ohci_hcd: USB 1.1 'Open' Host Controller (OHCI) Driver
[    1.656247] ohci-pci: OHCI PCI platform driver
[    1.660734] ohci-platform: OHCI generic platform driver
[    1.666969] usbcore: registered new interface driver uas
[    1.672334] usbcore: registered new interface driver usb-storage
[    1.678413] usbcore: registered new interface driver usbserial_generic
[    1.684963] usbserial: USB Serial support registered for generic
[    1.691008] usbcore: registered new interface driver ftdi_sio
[    1.696778] usbserial: USB Serial support registered for FTDI USB Serial Device
[    1.704127] usbcore: registered new interface driver usb_serial_simple
[    1.710679] usbserial: USB Serial support registered for carelink
[    1.716796] usbserial: USB Serial support registered for zio
[    1.722479] usbserial: USB Serial support registered for funsoft
[    1.728508] usbserial: USB Serial support registered for flashloader
[    1.734883] usbserial: USB Serial support registered for google
[    1.740825] usbserial: USB Serial support registered for libtransistor
[    1.747374] usbserial: USB Serial support registered for vivopay
[    1.753405] usbserial: USB Serial support registered for moto_modem
[    1.759693] usbserial: USB Serial support registered for motorola_tetra
[    1.766329] usbserial: USB Serial support registered for novatel_gps
[    1.772705] usbserial: USB Serial support registered for hp4x
[    1.778474] usbserial: USB Serial support registered for suunto
[    1.784413] usbserial: USB Serial support registered for siemens_mpi
[    1.790806] usbcore: registered new interface driver usb_ehset_test
[    1.800291] input: 30370000.snvs:snvs-powerkey as /devices/platform/soc@0/30000000.bus/30370000.snvs/30370000.snvs:snvs-powerkey/input/input0
[    1.815317] snvs_rtc 30370000.snvs:snvs-rtc-lp: registered as rtc0
[    1.821539] snvs_rtc 30370000.snvs:snvs-rtc-lp: setting system clock to 1970-01-01T00:16:39 UTC (999)
[    1.830994] i2c /dev entries driver
[    1.839091] Bluetooth: HCI UART driver ver 2.3
[    1.843564] Bluetooth: HCI UART protocol H4 registered
[    1.848715] Bluetooth: HCI UART protocol BCSP registered
[    1.854052] Bluetooth: HCI UART protocol LL registered
[    1.859198] Bluetooth: HCI UART protocol ATH3K registered
[    1.864624] Bluetooth: HCI UART protocol Three-wire (H5) registered
[    1.871001] Bluetooth: HCI UART protocol Broadcom registered
[    1.876684] Bluetooth: HCI UART protocol QCA registered
[    1.882153] EDAC MC: ECC not enabled
[    1.887131] sdhci: Secure Digital Host Controller Interface driver
[    1.893329] sdhci: Copyright(c) Pierre Ossman
[    1.898106] Synopsys Designware Multimedia Card Interface Driver
[    1.904872] sdhci-pltfm: SDHCI platform and OF driver helper
[    1.911731] sdhci-esdhc-imx 30b50000.mmc: voltage-ranges unspecified
[    1.911924] sdhci-esdhc-imx 30b60000.mmc: voltage-ranges unspecified
[    1.924916] ledtrig-cpu: registered to indicate activity on CPUs
[    1.932337] usbcore: registered new interface driver usbhid
[    1.937924] usbhid: USB HID core driver
[    1.942277] mxc-mipi-csi2-sam 32e40000.csi: supply mipi-phy not found, using dummy regulator
[    1.955983] mmc2: SDHCI controller on 30b60000.mmc [30b60000.mmc] using ADMA
[    1.957618] optee: probing for conduit method.
[    1.967512] optee: api uid mismatch
[    1.971021] optee: probe of firmware:optee failed with error -22
[    1.980020] Galcore version 6.4.3.p2.336687
[    2.057933] mmc2: new HS400 Enhanced strobe MMC card at address 0001
[    2.065641] mmcblk2: mmc2:0001 AJTD4R 14.6 GiB
[    2.070396] mmcblk2boot0: mmc2:0001 AJTD4R partition 1 4.00 MiB
[    2.076529] mmcblk2boot1: mmc2:0001 AJTD4R partition 2 4.00 MiB
[    2.082921] mmcblk2rpmb: mmc2:0001 AJTD4R partition 3 4.00 MiB, chardev (511:0)
[    2.093122]  mmcblk2: p1 p2
[    2.104069] [drm] Initialized vivante 1.0.0 20170808 for 40000000.mix_gpu_ml on minor 0
[    2.121170] fsl-sai 30c20000.sai: failed to get bus clock: -517
[    2.129155] fsl-sai 30c30000.sai: failed to get bus clock: -517
[    2.138524] fsl-micfil-dai 30ca0000.micfil: failed to get core clock: -517
[    2.146232] fsl-easrc 30c90000.easrc: failed to get mem clock
[    2.152506] fsl,imx8mp-audio-xcvr 30cc0000.xcvr: failed to get ipg clock
[    2.159928] fsl-aud2htx 30cb0000.aud2htx: failed to get mem clock
[    2.167255] imx-xcvr sound-xcvr: snd_soc_register_card failed: -517
[    2.174579] imx-micfil sound-micfil: snd_soc_register_card failed (-517)
[    2.181970] imx-cdnhdmi sound-hdmi: snd_soc_register_card failed (-517)
[    2.188709] NET: Registered protocol family 26
[    2.193634] NET: Registered protocol family 10
[    2.199410] Segment Routing with IPv6
[    2.203138] NET: Registered protocol family 17
[    2.208614] Bluetooth: RFCOMM TTY layer initialized
[    2.213511] Bluetooth: RFCOMM socket layer initialized
[    2.218677] Bluetooth: RFCOMM ver 1.11
[    2.222470] Bluetooth: BNEP (Ethernet Emulation) ver 1.3
[    2.227801] Bluetooth: BNEP filters: protocol multicast
[    2.233036] Bluetooth: BNEP socket layer initialized
[    2.238007] Bluetooth: HIDP (Human Interface Emulation) ver 1.2
[    2.243935] Bluetooth: HIDP socket layer initialized
[    2.248938] 8021q: 802.1Q VLAN Support v1.8
[    2.253140] lib80211: common routines for IEEE802.11 drivers
[    2.258906] 9pnet: Installing 9P2000 support
[    2.263208] tsn generic netlink module v1 init...
[    2.267988] Key type dns_resolver registered
[    2.272803] registered taskstats version 1
[    2.276919] Loading compiled-in X.509 certificates
[    2.318033] nxp-pca9450 0-0025: pca9450bc probed.
[    2.322918] i2c i2c-0: IMX I2C adapter registered
[    2.328912] adv7511 1-003d: supply avdd not found, using dummy regulator
[    2.335774] adv7511 1-003d: supply dvdd not found, using dummy regulator
[    2.342521] adv7511 1-003d: supply pvdd not found, using dummy regulator
[    2.349287] adv7511 1-003d: supply a2vdd not found, using dummy regulator
[    2.356123] adv7511 1-003d: supply v3p3 not found, using dummy regulator
[    2.362866] adv7511 1-003d: supply v1p2 not found, using dummy regulator
[    2.370465] adv7511 1-003d: Probe failed. Remote port 'mipi_dsi@32e60000' disabled
[    2.432075] it6263 1-004c: Probe failed. Remote port 'lvds-channel@0' disabled
[    2.440089] ov5640 1-003c: supply DOVDD not found, using dummy regulator
[    2.446889] ov5640 1-003c: supply AVDD not found, using dummy regulator
[    2.453544] ov5640 1-003c: supply DVDD not found, using dummy regulator
[    2.505567] ov5640 1-003c: ov5640_read_reg: error: reg=300a
[    2.511155] ov5640 1-003c: ov5640_check_chip_id: failed to read chip identifier
[    2.519661] i2c i2c-1: IMX I2C adapter registered
[    2.525651] pca953x 2-0020: using no AI
[    2.529741] pca953x 2-0020: failed writing register
[    2.535195] i2c i2c-2: IMX I2C adapter registered
[    2.541715] imx8mq-usb-phy 381f0040.usb-phy: supply vbus not found, using dummy regulator
[    2.550349] imx8mq-usb-phy 382f0040.usb-phy: supply vbus not found, using dummy regulator
[    2.558824] samsung-hdmi-phy 32fdff00.hdmiphy: failed to get phy apb clk: -517
[    2.569025] pwm-backlight lvds_backlight: supply power not found, using dummy regulator
[    2.569719] imx6q-pcie 33800000.pcie: supply epdev_on not found, using dummy regulator
[    2.585311] imx6q-pcie 33800000.pcie: EXT REF_CLK is used!.
[    2.592524] imx6q-pcie 33800000.pcie: PCIe PHY PLL clock is not locked.
[    2.597897] SoC: i.MX8MP revision 1.1
[    2.603116] imx-cpufreq-dt imx-cpufreq-dt: cpu speed grade 7 mkt segment 2 supported-hw 0x80 0x4
[    2.615495] imx-lcdifv3 32fc6000.lcd-controller: No irq get, ret=-517
[    2.625844] OF: graph: no port node found in /soc@0/usb-phy@381f0040
[    2.633305] xhci-hcd xhci-hcd.1.auto: xHCI Host Controller
[    2.638868] xhci-hcd xhci-hcd.1.auto: new USB bus registered, assigned bus number 1
[    2.646873] xhci-hcd xhci-hcd.1.auto: hcc params 0x0220fe6c hci version 0x110 quirks 0x0000002021810010
[    2.656308] xhci-hcd xhci-hcd.1.auto: irq 83, io mem 0x38200000
[    2.662343] xhci-hcd xhci-hcd.1.auto: xHCI Host Controller
[    2.667842] xhci-hcd xhci-hcd.1.auto: new USB bus registered, assigned bus number 2
[    2.675514] xhci-hcd xhci-hcd.1.auto: Host supports USB 3.0 SuperSpeed

U-Boot SPL 2022.04 (Jul 18 2024 - 13:53:05 +0800)
DDRINFO: start DRAM init
DDRINFO: DRAM rate 4000MTS
DDRINFO:ddrphy calibration done
DDRINFO: ddrmix config done
SEC0:  RNG instantiated
Normal Boot
Trying to boot from BOOTROM
Boot Stage: Primary boot
image offset 0x0, pagesize 0x200, ivt offset 0x0
NOTICE:  BL31: v2.2(release):rel_imx_5.4.70_2.3.6-0-g15e8ff164
NOTICE:  BL31: Built : 13:25:55, Jul 18 2024


U-Boot 2022.04 (Jul 18 2024 - 13:53:05 +0800)

CPU:   i.MX8MP Lite[4] rev1.1 1600 MHz (running at 1200 MHz)
CPU:   Industrial temperature grade (-40C to 105C) at 41C
Reset cause: POR
Model: NXP i.MX8MPlus LPDDR4 EVK board
DRAM:  6 GiB
Core:  92 devices, 29 uclasses, devicetree: separate
MMC:   FSL_SDHC: 1, FSL_SDHC: 2
Loading Environment from MMC... *** Warning - bad CRC, using default environment

[*]-Video Link 0adv7535_mipi2hdmi adv7535@3d: Can't find cec device id=0x3c
fail to probe panel device adv7535@3d
fail to get display timings
probe video device failed, ret -19

        [0] lcd-controller@32e80000, video
        [1] mipi_dsi@32e60000, video_bridge
        [2] adv7535@3d, panel
adv7535_mipi2hdmi adv7535@3d: Can't find cec device id=0x3c
fail to probe panel device adv7535@3d
fail to get display timings
probe video device failed, ret -19
In:    serial
Out:   serial
Err:   serial
SEC0:  RNG instantiated

 BuildInfo:
  - ATF 15e8ff1

switch to partitions #0, OK
mmc2(part 0) is current device
flash target is MMC:2
Net:
Warning: ethernet@30bf0000 (eth1) using random MAC address - 22:84:31:84:be:ef

Warning: ethernet@30be0000 (eth0) using random MAC address - fa:ac:1c:e3:20:b5
eth0: ethernet@30be0000, eth1: ethernet@30bf0000 [PRIME]
Fastboot: Normal
Normal Boot
Hit any key to stop autoboot:  0
starting USB...
Bus usb@38100000: Register 2000140 NbrPorts 2
Starting the controller
USB XHCI 1.10
Bus usb@38200000: Register 2000140 NbrPorts 2
Starting the controller
USB XHCI 1.10
scanning bus usb@38100000 for devices... 1 USB Device(s) found
scanning bus usb@38200000 for devices... 1 USB Device(s) found
       scanning usb for storage devices... 0 Storage Device(s) found

Device 0: unknown device
MMC: no card present
switch to partitions #0, OK
mmc2(part 0) is current device
Scanning mmc 2:1...
62957 bytes read in 1 ms (60 MiB/s)
MMC: no card present
Scanning disk mmc@30b50000.blk...
Disk mmc@30b50000.blk not ready
Scanning disk mmc@30b60000.blk...
Found 3 disks
optee optee: OP-TEE api uid mismatch
Unable to open OP-TEE session (err=-19)
mm_communicate failed!
Error: Cannot initialize UEFI sub-system, r = 3
Running BSP bootcmd ...
switch to partitions #0, OK
mmc2(part 0) is current device
Failed to load 'boot.scr'
30118400 bytes read in 92 ms (312.2 MiB/s)
Booting from mmc ...
62957 bytes read in 1 ms (60 MiB/s)
## Flattened Device Tree blob at 43000000
   Booting using the fdt blob at 0x43000000
clk usb_phy_root_clk already disabled
clk usb_phy_root_clk already disabled
   Using Device Tree in place at 0000000043000000, end 00000000430125ec
Modify /vpu_g1@38300000:status disabled
Modify /vpu_g2@38310000:status disabled
Modify /vpu_vc8000e@38320000:status disabled
Modify /vipsi@38500000:status disabled
Modify /soc@0/bus@32c00000/camera/isp@32e10000:status disabled
Modify /soc@0/bus@32c00000/camera/isp@32e20000:status disabled
Modify /dsp@3b6e8000:status disabled
adv7535_mipi2hdmi adv7535@3d: Can't find cec device id=0x3c
fail to probe panel device adv7535@3d
fail to get display timings
probe video device failed, ret -19

Starting kernel ...

[    0.000000] Booting Linux on physical CPU 0x0000000000 [0x410fd034]
[    0.000000] Linux version 5.10.72-lts-5.10.y+ga68e31b63f86 (oe-user@oe-host) (aarch64-poky-linux-gcc (GCC) 10.2.0, GNU ld (GNU Binutils) 2.36.1.20210209) #1 SMP PREEMPT Tue Nov 23 06:02:20 UTC 2021
[    0.000000] Machine model: NXP i.MX8MPlus EVK board
[    0.000000] efi: UEFI not found.
[    0.000000] Reserved memory: created CMA memory pool at 0x00000000c4000000, size 960 MiB
[    0.000000] OF: reserved mem: initialized node linux,cma, compatible id shared-dma-pool
[    0.000000] Reserved memory: created DMA memory pool at 0x0000000094300000, size 1 MiB
[    0.000000] OF: reserved mem: initialized node vdev0buffer@94300000, compatible id shared-dma-pool
[    0.000000] NUMA: No NUMA configuration found
[    0.000000] NUMA: Faking a node at [mem 0x0000000040000000-0x00000001bfffffff]
[    0.000000] NUMA: NODE_DATA [mem 0x1bf440700-0x1bf442fff]
[    0.000000] Zone ranges:
[    0.000000]   DMA      [mem 0x0000000040000000-0x00000000ffffffff]
[    0.000000]   DMA32    empty
[    0.000000]   Normal   [mem 0x0000000100000000-0x00000001bfffffff]
[    0.000000] Movable zone start for each node
[    0.000000] Early memory node ranges
[    0.000000]   node   0: [mem 0x0000000040000000-0x00000000923fffff]
[    0.000000]   node   0: [mem 0x0000000092400000-0x00000000a43fffff]
[    0.000000]   node   0: [mem 0x00000000a4400000-0x00000001bfffffff]
[    0.000000] Initmem setup node 0 [mem 0x0000000040000000-0x00000001bfffffff]
[    0.000000] psci: probing for conduit method from DT.
[    0.000000] psci: PSCIv1.1 detected in firmware.
[    0.000000] psci: Using standard PSCI v0.2 function IDs
[    0.000000] psci: MIGRATE_INFO_TYPE not supported.
[    0.000000] psci: SMC Calling Convention v1.1
[    0.000000] percpu: Embedded 23 pages/cpu s56280 r8192 d29736 u94208
[    0.000000] Detected VIPT I-cache on CPU0
[    0.000000] CPU features: detected: ARM erratum 845719
[    0.000000] CPU features: detected: GIC system register CPU interface
[    0.000000] Built 1 zonelists, mobility grouping on.  Total pages: 1548288
[    0.000000] Policy zone: Normal
[    0.000000] Kernel command line: console=ttymxc1,115200 root=/dev/mmcblk2p2 rootwait rw
[    0.000000] Dentry cache hash table entries: 1048576 (order: 11, 8388608 bytes, linear)
[    0.000000] Inode-cache hash table entries: 524288 (order: 10, 4194304 bytes, linear)
[    0.000000] mem auto-init: stack:off, heap alloc:off, heap free:off
[    0.000000] software IO TLB: mapped [mem 0x00000000c0000000-0x00000000c4000000] (64MB)
[    0.000000] Memory: 4794508K/6291456K available (17920K kernel code, 1508K rwdata, 6928K rodata, 2944K init, 552K bss, 513908K reserved, 983040K cma-reserved)
[    0.000000] SLUB: HWalign=64, Order=0-3, MinObjects=0, CPUs=4, Nodes=1
[    0.000000] rcu: Preemptible hierarchical RCU implementation.
[    0.000000] rcu:     RCU event tracing is enabled.
[    0.000000] rcu:     RCU restricting CPUs from NR_CPUS=256 to nr_cpu_ids=4.
[    0.000000]  Trampoline variant of Tasks RCU enabled.
[    0.000000] rcu: RCU calculated value of scheduler-enlistment delay is 25 jiffies.
[    0.000000] rcu: Adjusting geometry for rcu_fanout_leaf=16, nr_cpu_ids=4
[    0.000000] NR_IRQS: 64, nr_irqs: 64, preallocated irqs: 0
[    0.000000] GICv3: GIC: Using split EOI/Deactivate mode
[    0.000000] GICv3: 160 SPIs implemented
[    0.000000] GICv3: 0 Extended SPIs implemented
[    0.000000] GICv3: Distributor has no Range Selector support
[    0.000000] GICv3: 16 PPIs implemented
[    0.000000] GICv3: CPU0: found redistributor 0 region 0:0x0000000038880000
[    0.000000] ITS: No ITS available, not enabling LPIs
[    0.000000] random: get_random_bytes called from start_kernel+0x320/0x4e4 with crng_init=0
[    0.000000] arch_timer: cp15 timer(s) running at 8.00MHz (phys).
[    0.000000] clocksource: arch_sys_counter: mask: 0xffffffffffffff max_cycles: 0x1d854df40, max_idle_ns: 440795202120 ns
[    0.000003] sched_clock: 56 bits at 8MHz, resolution 125ns, wraps every 2199023255500ns
[    0.000442] Console: colour dummy device 80x25
[    0.000511] Calibrating delay loop (skipped), value calculated using timer frequency.. 16.00 BogoMIPS (lpj=32000)
[    0.000524] pid_max: default: 32768 minimum: 301
[    0.000601] LSM: Security Framework initializing
[    0.000671] Mount-cache hash table entries: 16384 (order: 5, 131072 bytes, linear)
[    0.000697] Mountpoint-cache hash table entries: 16384 (order: 5, 131072 bytes, linear)
[    0.001899] rcu: Hierarchical SRCU implementation.
[    0.003178] EFI services will not be available.
[    0.003354] smp: Bringing up secondary CPUs ...
[    0.003714] Detected VIPT I-cache on CPU1
[    0.003738] GICv3: CPU1: found redistributor 1 region 0:0x00000000388a0000
[    0.003774] CPU1: Booted secondary processor 0x0000000001 [0x410fd034]
[    0.004235] Detected VIPT I-cache on CPU2
[    0.004252] GICv3: CPU2: found redistributor 2 region 0:0x00000000388c0000
[    0.004274] CPU2: Booted secondary processor 0x0000000002 [0x410fd034]
[    0.004671] Detected VIPT I-cache on CPU3
[    0.004686] GICv3: CPU3: found redistributor 3 region 0:0x00000000388e0000
[    0.004705] CPU3: Booted secondary processor 0x0000000003 [0x410fd034]
[    0.004762] smp: Brought up 1 node, 4 CPUs
[    0.004781] SMP: Total of 4 processors activated.
[    0.004790] CPU features: detected: 32-bit EL0 Support
[    0.004796] CPU features: detected: CRC32 instructions
[    0.004803] CPU features: detected: 32-bit EL1 Support
[    0.013130] CPU: All CPU(s) started at EL2
[    0.013153] alternatives: patching kernel code
[    0.015015] devtmpfs: initialized
[    0.023509] KASLR disabled due to lack of seed
[    0.023656] clocksource: jiffies: mask: 0xffffffff max_cycles: 0xffffffff, max_idle_ns: 7645041785100000 ns
[    0.023670] futex hash table entries: 1024 (order: 4, 65536 bytes, linear)
[    0.050107] pinctrl core: initialized pinctrl subsystem
[    0.050602] DMI not present or invalid.
[    0.050968] NET: Registered protocol family 16
[    0.058244] DMA: preallocated 1024 KiB GFP_KERNEL pool for atomic allocations
[    0.059460] DMA: preallocated 1024 KiB GFP_KERNEL|GFP_DMA pool for atomic allocations
[    0.060917] DMA: preallocated 1024 KiB GFP_KERNEL|GFP_DMA32 pool for atomic allocations
[    0.060973] audit: initializing netlink subsys (disabled)
[    0.061154] audit: type=2000 audit(0.060:1): state=initialized audit_enabled=0 res=1
[    0.061750] thermal_sys: Registered thermal governor 'step_wise'
[    0.061754] thermal_sys: Registered thermal governor 'power_allocator'
[    0.062133] cpuidle: using governor menu
[    0.062370] hw-breakpoint: found 6 breakpoint and 4 watchpoint registers.
[    0.062437] ASID allocator initialised with 65536 entries
[    0.063723] Serial: AMBA PL011 UART driver
[    0.063793] imx mu driver is registered.
[    0.063818] imx rpmsg driver is registered.
[    0.105491] imx8mp-pinctrl 30330000.pinctrl: initialized IMX pinctrl driver
[    0.124491] HugeTLB registered 1.00 GiB page size, pre-allocated 0 pages
[    0.124507] HugeTLB registered 32.0 MiB page size, pre-allocated 0 pages
[    0.124516] HugeTLB registered 2.00 MiB page size, pre-allocated 0 pages
[    0.124523] HugeTLB registered 64.0 KiB page size, pre-allocated 0 pages
[    0.125406] cryptd: max_cpu_qlen set to 1000
[    0.128606] ACPI: Interpreter disabled.
[    0.129738] iommu: Default domain type: Translated
[    0.129881] vgaarb: loaded
[    0.130172] SCSI subsystem initialized
[    0.130521] usbcore: registered new interface driver usbfs
[    0.130558] usbcore: registered new interface driver hub
[    0.130589] usbcore: registered new device driver usb
[    0.132034] mc: Linux media interface: v0.10
[    0.132062] videodev: Linux video capture interface: v2.00
[    0.132131] pps_core: LinuxPPS API ver. 1 registered
[    0.132139] pps_core: Software ver. 5.3.6 - Copyright 2005-2007 Rodolfo Giometti <giometti@linux.it>
[    0.132155] PTP clock support registered
[    0.132335] EDAC MC: Ver: 3.0.0
[    0.133649] FPGA manager framework
[    0.133734] Advanced Linux Sound Architecture Driver Initialized.
[    0.134381] Bluetooth: Core ver 2.22
[    0.134408] NET: Registered protocol family 31
[    0.134415] Bluetooth: HCI device and connection manager initialized
[    0.134427] Bluetooth: HCI socket layer initialized
[    0.134436] Bluetooth: L2CAP socket layer initialized
[    0.134451] Bluetooth: SCO socket layer initialized
[    0.135292] clocksource: Switched to clocksource arch_sys_counter
[    0.135454] VFS: Disk quotas dquot_6.6.0
[    0.135499] VFS: Dquot-cache hash table entries: 512 (order 0, 4096 bytes)
[    0.135662] pnp: PnP ACPI: disabled
[    0.141868] NET: Registered protocol family 2
[    0.142087] IP idents hash table entries: 131072 (order: 8, 1048576 bytes, linear)
[    0.144823] tcp_listen_portaddr_hash hash table entries: 4096 (order: 4, 65536 bytes, linear)
[    0.144906] TCP established hash table entries: 65536 (order: 7, 524288 bytes, linear)
[    0.145316] TCP bind hash table entries: 65536 (order: 8, 1048576 bytes, linear)
[    0.146234] TCP: Hash tables configured (established 65536 bind 65536)
[    0.146364] UDP hash table entries: 4096 (order: 5, 131072 bytes, linear)
[    0.146512] UDP-Lite hash table entries: 4096 (order: 5, 131072 bytes, linear)
[    0.146777] NET: Registered protocol family 1
[    0.147155] RPC: Registered named UNIX socket transport module.
[    0.147162] RPC: Registered udp transport module.
[    0.147169] RPC: Registered tcp transport module.
[    0.147176] RPC: Registered tcp NFSv4.1 backchannel transport module.
[    0.147901] PCI: CLS 0 bytes, default 64
[    0.148602] hw perfevents: enabled with armv8_pmuv3 PMU driver, 7 counters available
[    0.149419] kvm [1]: IPA Size Limit: 40 bits
[    0.150966] kvm [1]: GICv3: no GICV resource entry
[    0.150972] kvm [1]: disabling GICv2 emulation
[    0.150992] kvm [1]: GIC system register CPU interface enabled
[    0.151059] kvm [1]: vgic interrupt IRQ9
[    0.151164] kvm [1]: Hyp mode initialized successfully
[    0.154038] Initialise system trusted keyrings
[    0.154146] workingset: timestamp_bits=42 max_order=21 bucket_order=0
[    0.160046] squashfs: version 4.0 (2009/01/31) Phillip Lougher
[    0.160610] NFS: Registering the id_resolver key type
[    0.160634] Key type id_resolver registered
[    0.160640] Key type id_legacy registered
[    0.160718] nfs4filelayout_init: NFSv4 File Layout Driver Registering...
[    0.160725] nfs4flexfilelayout_init: NFSv4 Flexfile Layout Driver Registering...
[    0.160745] jffs2: version 2.2. (NAND) © 2001-2006 Red Hat, Inc.
[    0.161090] 9p: Installing v9fs 9p2000 file system support
[    0.197923] Key type asymmetric registered
[    0.197931] Asymmetric key parser 'x509' registered
[    0.197963] Block layer SCSI generic (bsg) driver version 0.4 loaded (major 241)
[    0.197970] io scheduler mq-deadline registered
[    0.197975] io scheduler kyber registered
[    0.200787] samsung-hdmi-phy 32fdff00.hdmiphy: failed to get phy apb clk: -517
[    0.200939] imx8-pcie-phy 32f00000.pcie-phy: failed to get imx pcie phy clock
[    0.205524] pwm-backlight lvds_backlight: supply power not found, using dummy regulator
[    0.206238] EINJ: ACPI disabled.
[    0.217413] imx-sdma 30bd0000.dma-controller: Direct firmware load for imx/sdma/sdma-imx7d.bin failed with error -2
[    0.217427] imx-sdma 30bd0000.dma-controller: Falling back to sysfs fallback for: imx/sdma/sdma-imx7d.bin
[    0.219509] mxs-dma 33000000.dma-apbh: initialized
[    0.222027] Bus freq driver module loaded
[    0.228151] Serial: 8250/16550 driver, 4 ports, IRQ sharing enabled
[    0.230632] 30860000.serial: ttymxc0 at MMIO 0x30860000 (irq = 35, base_baud = 5000000) is a IMX
[    0.231406] 30880000.serial: ttymxc2 at MMIO 0x30880000 (irq = 36, base_baud = 5000000) is a IMX
[    0.231980] 30890000.serial: ttymxc1 at MMIO 0x30890000 (irq = 37, base_baud = 1500000) is a IMX
[    1.292436] printk: console [ttymxc1] enabled
[    1.299733] imx-lcdifv3 32e80000.lcd-controller: No pix clock get: -517
[    1.307071] imx-lcdifv3 32e90000.lcd-controller: No pix clock get: -517
[    1.314002] imx-lcdifv3 32fc6000.lcd-controller: No irq get, ret=-517
[    1.325419] imx-hdmi-pavi 32fc4000.hdmi-pai-pvi: No pvi clock get
[    1.342902] loop: module loaded
[    1.347279] megasas: 07.714.04.00-rc1
[    1.352650] imx ahci driver is registered.
[    1.361187] spi-nor spi0.0: unrecognized JEDEC id bytes: 00 00 00 00 00 00
[    1.368108] spi-nor: probe of spi0.0 failed with error -2
[    1.375214] libphy: Fixed MDIO Bus: probed
[    1.380747] tun: Universal TUN/TAP device driver, 1.6
[    1.386672] thunder_xcv, ver 1.0
[    1.389947] thunder_bgx, ver 1.0
[    1.393213] nicpf, ver 1.0
[    1.396909] pps pps0: new PPS source ptp0
[    1.406854] libphy: fec_enet_mii_bus: probed
[    1.412329] fec 30be0000.ethernet eth0: registered PHC device 0
[    1.421031] hclge is initializing
[    1.424378] hns3: Hisilicon Ethernet Network Driver for Hip08 Family - version
[    1.431609] hns3: Copyright (c) 2017 Huawei Corporation.
[    1.437000] e1000: Intel(R) PRO/1000 Network Driver
[    1.441893] e1000: Copyright (c) 1999-2006 Intel Corporation.
[    1.447687] e1000e: Intel(R) PRO/1000 Network Driver
[    1.452660] e1000e: Copyright(c) 1999 - 2015 Intel Corporation.
[    1.458623] igb: Intel(R) Gigabit Ethernet Network Driver
[    1.464026] igb: Copyright (c) 2007-2014 Intel Corporation.
[    1.469634] igbvf: Intel(R) Gigabit Virtual Function Network Driver
[    1.475907] igbvf: Copyright (c) 2009 - 2012 Intel Corporation.
[    1.482050] sky2: driver version 1.30
[    1.486565] imx-dwmac 30bf0000.ethernet: IRQ eth_lpi not found
[    1.492486] imx-dwmac 30bf0000.ethernet: no reset control found
[    1.498573] imx-dwmac 30bf0000.ethernet: User ID: 0x10, Synopsys ID: 0x51
[    1.505374] imx-dwmac 30bf0000.ethernet:     DWMAC4/5
[    1.510172] imx-dwmac 30bf0000.ethernet: DMA HW capability register supported
[    1.517317] imx-dwmac 30bf0000.ethernet: RX Checksum Offload Engine supported
[    1.524461] imx-dwmac 30bf0000.ethernet: TX Checksum insertion supported
[    1.531171] imx-dwmac 30bf0000.ethernet: Wake-Up On Lan supported
[    1.537330] imx-dwmac 30bf0000.ethernet: Enable RX Mitigation via HW Watchdog Timer
